Nov 24 21:20:03 debian kernel: imklog 3.18.6, log source = /proc/kmsg started.
Nov 24 21:20:03 debian kernel: [    0.000000] Initializing cgroup subsys cpuset
Nov 24 21:20:03 debian kernel: [    0.000000] Initializing cgroup subsys cpu
Nov 24 21:20:03 debian kernel: [    0.000000] Linux version 2.6.26-2-686 (Debian 2.6.26-19lenny2) (dannf@debian.org) (gcc version 4.1.3 20080704 (prerelease) (Debian 4.1.2-25)) #1 SMP Wed Nov 4 20:45:37 UTC 2009
Nov 24 21:20:03 debian kernel: [    0.000000] BIOS-provided physical RAM map:
Nov 24 21:20:03 debian kernel: [    0.000000]  BIOS-e820: 0000000000000000 - 000000000009fc00 (usable)
Nov 24 21:20:03 debian kernel: [    0.000000]  BIOS-e820: 000000000009fc00 - 00000000000a0000 (reserved)
Nov 24 21:20:03 debian kernel: [    0.000000]  BIOS-e820: 00000000000f0000 - 0000000000100000 (reserved)
Nov 24 21:20:03 debian kernel: [    0.000000]  BIOS-e820: 0000000000100000 - 000000000fff0000 (usable)
Nov 24 21:20:03 debian kernel: [    0.000000]  BIOS-e820: 000000000fff0000 - 0000000010000000 (ACPI data)
Nov 24 21:20:03 debian kernel: [    0.000000]  BIOS-e820: 00000000fffc0000 - 0000000100000000 (reserved)
Nov 24 21:20:03 debian kernel: [    0.000000] WARNING: strange, CPU MTRRs all blank?
Nov 24 21:20:03 debian kernel: [    0.000000] ------------[ cut here ]------------
Nov 24 21:20:03 debian kernel: [    0.000000] WARNING: at arch/x86/kernel/cpu/mtrr/main.c:696 mtrr_trim_uncached_memory+0x178/0x183()
Nov 24 21:20:03 debian kernel: [    0.000000] Modules linked in:
Nov 24 21:20:03 debian kernel: [    0.000000] Pid: 0, comm: swapper Not tainted 2.6.26-2-686 #1
Nov 24 21:20:03 debian kernel: [    0.000000]  [<c01225f3>] warn_on_slowpath+0x40/0x66
Nov 24 21:20:03 debian kernel: [    0.000000]  [<c02b9b2b>] _spin_lock_irqsave+0x16/0x2f
Nov 24 21:20:03 debian kernel: [    0.000000]  [<c02b9bb9>] _spin_unlock_irqrestore+0xd/0x10
Nov 24 21:20:03 debian kernel: [    0.000000]  [<c0122a94>] release_console_sem+0x173/0x18c
Nov 24 21:20:03 debian kernel: [    0.000000]  [<c0122f0b>] vprintk+0x2d2/0x2de
Nov 24 21:20:03 debian kernel: [    0.000000]  [<c010cd84>] mtrr_wrmsr+0xf/0x2e
Nov 24 21:20:03 debian kernel: [    0.000000]  [<c0122f2b>] printk+0x14/0x18
Nov 24 21:20:03 debian kernel: [    0.000000]  [<c03873cb>] mtrr_trim_uncached_memory+0x178/0x183
Nov 24 21:20:03 debian kernel: [    0.000000]  [<c0385060>] setup_arch+0x254/0x6bb
Nov 24 21:20:03 debian kernel: [    0.000000]  [<c0122f2b>] printk+0x14/0x18
Nov 24 21:20:03 debian kernel: [    0.000000]  [<c037f5e4>] start_kernel+0x62/0x2d7
Nov 24 21:20:03 debian kernel: [    0.000000]  =======================
Nov 24 21:20:03 debian kernel: [    0.000000] ---[ end trace 4eaa2a86a8e2da22 ]---
Nov 24 21:20:03 debian kernel: [    0.000000] 0MB HIGHMEM available.
Nov 24 21:20:03 debian kernel: [    0.000000] 255MB LOWMEM available.
Nov 24 21:20:03 debian kernel: [    0.000000] Zone PFN ranges:
Nov 24 21:20:03 debian kernel: [    0.000000]   DMA             0 ->     4096
Nov 24 21:20:03 debian kernel: [    0.000000]   Normal       4096 ->    65520
Nov 24 21:20:03 debian kernel: [    0.000000]   HighMem     65520 ->    65520
Nov 24 21:20:03 debian kernel: [    0.000000] Movable zone start PFN for each node
Nov 24 21:20:03 debian kernel: [    0.000000] early_node_map[1] active PFN ranges
Nov 24 21:20:03 debian kernel: [    0.000000]     0:        0 ->    65520
Nov 24 21:20:03 debian kernel: [    0.000000] DMI 2.5 present.
Nov 24 21:20:03 debian kernel: [    0.000000] ACPI: RSDP 000E0000, 0024 (r2 VBOX  )
Nov 24 21:20:03 debian kernel: [    0.000000] ACPI: XSDT 0FFF0030, 002C (r1 VBOX   VBOXXSDT        1 ASL        61)
Nov 24 21:20:03 debian kernel: [    0.000000] ACPI: FACP 0FFF00E0, 00F4 (r4 VBOX   VBOXFACP        1 ASL        61)
Nov 24 21:20:03 debian kernel: [    0.000000] ACPI: DSDT 0FFF0220, 1A0C (r1 VBOX   VBOXBIOS        2 INTL 20090521)
Nov 24 21:20:03 debian kernel: [    0.000000] ACPI: FACS 0FFF01E0, 0040
Nov 24 21:20:03 debian kernel: [    0.000000] ACPI: PM-Timer IO Port: 0x4008
Nov 24 21:20:03 debian kernel: [    0.000000] Allocating PCI resources starting at 20000000 (gap: 10000000:effc0000)
Nov 24 21:20:03 debian kernel: [    0.000000] PM: Registered nosave memory: 000000000009f000 - 00000000000a0000
Nov 24 21:20:03 debian kernel: [    0.000000] PM: Registered nosave memory: 00000000000a0000 - 00000000000f0000
Nov 24 21:20:03 debian kernel: [    0.000000] PM: Registered nosave memory: 00000000000f0000 - 0000000000100000
Nov 24 21:20:03 debian kernel: [    0.000000] SMP: Allowing 0 CPUs, 0 hotplug CPUs
Nov 24 21:20:03 debian kernel: [    0.000000] PERCPU: Allocating 37992 bytes of per cpu data
Nov 24 21:20:03 debian kernel: [    0.000000] Built 1 zonelists in Zone order, mobility grouping on.  Total pages: 65008
Nov 24 21:20:03 debian kernel: [    0.000000] Kernel command line: root=/dev/hda1 ro quiet
Nov 24 21:20:03 debian kernel: [    0.000000] Found and enabled local APIC!
Nov 24 21:20:03 debian kernel: [    0.000000] Enabling fast FPU save and restore... done.
Nov 24 21:20:03 debian kernel: [    0.000000] Enabling unmasked SIMD FPU exception support... done.
Nov 24 21:20:03 debian kernel: [    0.000000] Initializing CPU#0
Nov 24 21:20:03 debian kernel: [    0.000000] PID hash table entries: 1024 (order: 10, 4096 bytes)
Nov 24 21:20:03 debian kernel: [    0.000000] Detected 2393.466 MHz processor.
Nov 24 21:20:03 debian kernel: [    0.004000] Console: colour VGA+ 80x25
Nov 24 21:20:03 debian kernel: [    0.004000] console [tty0] enabled
Nov 24 21:20:03 debian kernel: [    0.004000] Dentry cache hash table entries: 32768 (order: 5, 131072 bytes)
Nov 24 21:20:03 debian kernel: [    0.004000] Inode-cache hash table entries: 16384 (order: 4, 65536 bytes)
Nov 24 21:20:03 debian kernel: [    0.004000] Memory: 249924k/262080k available (1770k kernel code, 11592k reserved, 750k data, 244k init, 0k highmem)
Nov 24 21:20:03 debian kernel: [    0.004000] virtual kernel memory layout:
Nov 24 21:20:03 debian kernel: [    0.004000]     fixmap  : 0xfff4c000 - 0xfffff000   ( 716 kB)
Nov 24 21:20:03 debian kernel: [    0.004000]     pkmap   : 0xff800000 - 0xffc00000   (4096 kB)
Nov 24 21:20:03 debian kernel: [    0.004000]     vmalloc : 0xd0800000 - 0xff7fe000   ( 751 MB)
Nov 24 21:20:03 debian kernel: [    0.004000]     lowmem  : 0xc0000000 - 0xcfff0000   ( 255 MB)
Nov 24 21:20:03 debian kernel: [    0.004000]       .init : 0xc037f000 - 0xc03bc000   ( 244 kB)
Nov 24 21:20:03 debian kernel: [    0.004000]       .data : 0xc02baaa1 - 0xc0376620   ( 750 kB)
Nov 24 21:20:03 debian kernel: [    0.004000]       .text : 0xc0100000 - 0xc02baaa1   (1770 kB)
Nov 24 21:20:03 debian kernel: [    0.004000] Checking if this processor honours the WP bit even in supervisor mode...Ok.
Nov 24 21:20:03 debian kernel: [    0.084979] Calibrating delay using timer specific routine.. 4875.85 BogoMIPS (lpj=9751713)
Nov 24 21:20:03 debian kernel: [    0.086343] Security Framework initialized
Nov 24 21:20:03 debian kernel: [    0.086409] SELinux:  Disabled at boot.
Nov 24 21:20:03 debian kernel: [    0.086468] Capability LSM initialized
Nov 24 21:20:03 debian kernel: [    0.086988] Mount-cache hash table entries: 512
Nov 24 21:20:03 debian kernel: [    0.094673] Initializing cgroup subsys ns
Nov 24 21:20:03 debian kernel: [    0.094787] Initializing cgroup subsys cpuacct
Nov 24 21:20:03 debian kernel: [    0.094880] Initializing cgroup subsys devices
Nov 24 21:20:03 debian kernel: [    0.095298] 
Nov 24 21:20:03 debian kernel: [    0.095410] Intel machine check architecture supported.
Nov 24 21:20:03 debian kernel: [    0.095548] Intel machine check reporting enabled on CPU#0.
Nov 24 21:20:03 debian kernel: [    0.095602] using mwait in idle threads.
Nov 24 21:20:03 debian kernel: [    0.096006] Checking 'hlt' instruction... OK.
Nov 24 21:20:03 debian kernel: [    0.139043] SMP alternatives: switching to UP code
Nov 24 21:20:03 debian kernel: [    0.608031] Freeing SMP alternatives: 16k freed
Nov 24 21:20:03 debian kernel: [    0.608799] ACPI: Core revision 20080321
Nov 24 21:20:03 debian kernel: [    0.614307] ACPI: setting ELCR to 0200 (from 0e20)
Nov 24 21:20:03 debian kernel: [    0.623018] weird, boot CPU (#0) not listedby the BIOS.
Nov 24 21:20:03 debian kernel: [    0.623034] SMP motherboard not detected.
Nov 24 21:20:03 debian kernel: [    0.624031] SMP disabled
Nov 24 21:20:03 debian kernel: [    0.630031] Brought up 1 CPUs
Nov 24 21:20:03 debian kernel: [    0.630046] Total of 1 processors activated (4875.85 BogoMIPS).
Nov 24 21:20:03 debian kernel: [    0.643890] net_namespace: 660 bytes
Nov 24 21:20:03 debian kernel: [    0.644087] Booting paravirtualized kernel on bare hardware
Nov 24 21:20:03 debian kernel: [    0.645590] NET: Registered protocol family 16
Nov 24 21:20:03 debian kernel: [    0.648435] ACPI: bus type pci registered
Nov 24 21:20:03 debian kernel: [    0.651125] PCI: PCI BIOS revision 2.10 entry at 0xfc080, last bus=0
Nov 24 21:20:03 debian kernel: [    0.651142] PCI: Using configuration type 1 for base access
Nov 24 21:20:03 debian kernel: [    0.651176] Setting up standard PCI resources
Nov 24 21:20:03 debian kernel: [    0.675872] ACPI: Interpreter enabled
Nov 24 21:20:03 debian kernel: [    0.676108] ACPI: (supports S0 S5)
Nov 24 21:20:03 debian kernel: [    0.676188] ACPI: Using PIC for interrupt routing
Nov 24 21:20:03 debian kernel: [    0.699073] ACPI: PCI Root Bridge [PCI0] (0000:00)
Nov 24 21:20:03 debian kernel: [    0.750287] ACPI: PCI Interrupt Link [LNKA] (IRQs 5 *9 10 11)
Nov 24 21:20:03 debian kernel: [    0.751123] ACPI: PCI Interrupt Link [LNKB] (IRQs *5 9 10 11)
Nov 24 21:20:03 debian kernel: [    0.751507] ACPI: PCI Interrupt Link [LNKC] (IRQs 5 9 10 *11)
Nov 24 21:20:03 debian kernel: [    0.752243] ACPI: PCI Interrupt Link [LNKD] (IRQs 5 9 *10 11)
Nov 24 21:20:03 debian kernel: [    0.753488] Linux Plug and Play Support v0.97 (c) Adam Belay
Nov 24 21:20:03 debian kernel: [    0.754417] pnp: PnP ACPI init
Nov 24 21:20:03 debian kernel: [    0.754469] ACPI: bus type pnp registered
Nov 24 21:20:03 debian kernel: [    0.761556] pnp: PnP ACPI: found 6 devices
Nov 24 21:20:03 debian kernel: [    0.761582] ACPI: ACPI bus type pnp unregistered
Nov 24 21:20:03 debian kernel: [    0.761606] PnPBIOS: Disabled by ACPI PNP
Nov 24 21:20:03 debian kernel: [    0.771098] PCI: Using ACPI for IRQ routing
Nov 24 21:20:03 debian kernel: [    0.810040] NET: Registered protocol family 2
Nov 24 21:20:03 debian kernel: [    0.813307] IP route cache hash table entries: 2048 (order: 1, 8192 bytes)
Nov 24 21:20:03 debian kernel: [    0.813659] TCP established hash table entries: 8192 (order: 4, 65536 bytes)
Nov 24 21:20:03 debian kernel: [    0.813714] TCP bind hash table entries: 8192 (order: 4, 65536 bytes)
Nov 24 21:20:03 debian kernel: [    0.813764] TCP: Hash tables configured (established 8192 bind 8192)
Nov 24 21:20:03 debian kernel: [    0.813775] TCP reno registered
Nov 24 21:20:03 debian kernel: [    0.814123] NET: Registered protocol family 1
Nov 24 21:20:03 debian kernel: [    0.815393] checking if image is initramfs... it is
Nov 24 21:20:03 debian kernel: [    1.231372] Freeing initrd memory: 6043k freed
Nov 24 21:20:03 debian kernel: [    1.232622] platform rtc_cmos: registered platform RTC device (no PNP device found)
Nov 24 21:20:03 debian kernel: [    1.236327] audit: initializing netlink socket (disabled)
Nov 24 21:20:03 debian kernel: [    1.236957] type=2000 audit(1259115589.235:1): initialized
Nov 24 21:20:03 debian kernel: [    1.238909] Total HugeTLB memory allocated, 0
Nov 24 21:20:03 debian kernel: [    1.239320] VFS: Disk quotas dquot_6.5.1
Nov 24 21:20:03 debian kernel: [    1.239362] Dquot-cache hash table entries: 1024 (order 0, 4096 bytes)
Nov 24 21:20:03 debian kernel: [    1.239445] msgmni has been set to 500
Nov 24 21:20:03 debian kernel: [    1.240014] Block layer SCSI generic (bsg) driver version 0.4 loaded (major 253)
Nov 24 21:20:03 debian kernel: [    1.240031] io scheduler noop registered
Nov 24 21:20:03 debian kernel: [    1.240038] io scheduler anticipatory registered
Nov 24 21:20:03 debian kernel: [    1.240045] io scheduler deadline registered
Nov 24 21:20:03 debian kernel: [    1.240058] io scheduler cfq registered (default)
Nov 24 21:20:03 debian kernel: [    1.240092] pci 0000:00:00.0: Limiting direct PCI/PCI transfers
Nov 24 21:20:03 debian kernel: [    1.240136] pci 0000:00:01.0: Activating ISA DMA hang workarounds
Nov 24 21:20:03 debian kernel: [    1.244092] isapnp: Scanning for PnP cards...
Nov 24 21:20:03 debian kernel: [    1.613824] isapnp: No Plug & Play device found
Nov 24 21:20:03 debian kernel: [    1.631753] Serial: 8250/16550 driver $Revision: 1.90 $ 4 ports, IRQ sharing enabled
Nov 24 21:20:03 debian kernel: [    1.643414] brd: module loaded
Nov 24 21:20:03 debian kernel: [    1.643901] PNP: PS/2 Controller [PNP0303:PS2K,PNP0f03:PS2M] at 0x60,0x64 irq 1,12
Nov 24 21:20:03 debian kernel: [    1.648061] serio: i8042 KBD port at 0x60,0x64 irq 1
Nov 24 21:20:03 debian kernel: [    1.649389] serio: i8042 AUX port at 0x60,0x64 irq 12
Nov 24 21:20:03 debian kernel: [    1.650979] mice: PS/2 mouse device common for all mice
Nov 24 21:20:03 debian kernel: [    1.660251] input: AT Translated Set 2 keyboard as /class/input/input0
Nov 24 21:20:03 debian kernel: [    1.660251] rtc_cmos rtc_cmos: rtc core: registered rtc_cmos as rtc0
Nov 24 21:20:03 debian kernel: [    1.668768] rtc0: alarms up to one day
Nov 24 21:20:03 debian kernel: [    1.670048] cpuidle: using governor ladder
Nov 24 21:20:03 debian kernel: [    1.670058] cpuidle: using governor menu
Nov 24 21:20:03 debian kernel: [    1.670079] No iBFT detected.
Nov 24 21:20:03 debian kernel: [    1.670506] TCP cubic registered
Nov 24 21:20:03 debian kernel: [    1.670518] NET: Registered protocol family 17
Nov 24 21:20:03 debian kernel: [    1.670545] Using IPI No-Shortcut mode
Nov 24 21:20:03 debian kernel: [    1.671282] registered taskstats version 1
Nov 24 21:20:03 debian kernel: [    1.672104] rtc_cmos rtc_cmos: setting system clock to 2009-11-25 02:19:50 UTC (1259115590)
Nov 24 21:20:03 debian kernel: [    1.674581] Freeing unused kernel memory: 244k freed
Nov 24 21:20:03 debian kernel: [    2.872834] No dock devices found.
Nov 24 21:20:03 debian kernel: [    2.894548] SCSI subsystem initialized
Nov 24 21:20:03 debian kernel: [    2.960050] pcnet32.c:v1.35 21.Apr.2008 tsbogend@alpha.franken.de
Nov 24 21:20:03 debian kernel: [    2.960637] ACPI: PCI Interrupt Link [LNKC] enabled at IRQ 11
Nov 24 21:20:03 debian kernel: [    2.960660] ACPI: PCI Interrupt 0000:00:03.0[A] -> Link [LNKC] -> GSI 11 (level, low) -> IRQ 11
Nov 24 21:20:03 debian kernel: [    2.960715] pcnet32: PCnet/FAST III 79C973 at 0xd020, 08:00:27:77:18:3b assigned IRQ 11.
Nov 24 21:20:03 debian kernel: [    2.960770] pcnet32: Found PHY 0022:561b at address 0.
Nov 24 21:20:03 debian kernel: [    2.961945] eth0: registered as PCnet/FAST III 79C973
Nov 24 21:20:03 debian kernel: [    2.962072] pcnet32: 1 cards_found.
Nov 24 21:20:03 debian kernel: [    2.983426] usbcore: registered new interface driver usbfs
Nov 24 21:20:03 debian kernel: [    2.983459] usbcore: registered new interface driver hub
Nov 24 21:20:03 debian kernel: [    2.983676] usbcore: registered new device driver usb
Nov 24 21:20:03 debian kernel: [    2.990790] ACPI: PCI Interrupt Link [LNKB] enabled at IRQ 5
Nov 24 21:20:03 debian kernel: [    2.990811] ACPI: PCI Interrupt 0000:00:06.0[A] -> Link [LNKB] -> GSI 5 (level, low) -> IRQ 5
Nov 24 21:20:03 debian kernel: [    2.990870] ohci_hcd 0000:00:06.0: OHCI Host Controller
Nov 24 21:20:03 debian kernel: [    2.991068] ohci_hcd 0000:00:06.0: new USB bus registered, assigned bus number 1
Nov 24 21:20:03 debian kernel: [    2.991121] ohci_hcd 0000:00:06.0: irq 5, io mem 0xf0804000
Nov 24 21:20:03 debian kernel: [    3.055682] usb usb1: configuration #1 chosen from 1 choice
Nov 24 21:20:03 debian kernel: [    3.055719] hub 1-0:1.0: USB hub found
Nov 24 21:20:03 debian kernel: [    3.059546] hub 1-0:1.0: 8 ports detected
Nov 24 21:20:03 debian kernel: [    3.138058] Floppy drive(s): fd0 is 1.44M
Nov 24 21:20:03 debian kernel: [    3.157463] FDC 0 is a S82078B
Nov 24 21:20:03 debian kernel: [    3.168070] usb usb1: New USB device found, idVendor=1d6b, idProduct=0001
Nov 24 21:20:03 debian kernel: [    3.168084] usb usb1: New USB device strings: Mfr=3, Product=2, SerialNumber=1
Nov 24 21:20:03 debian kernel: [    3.168094] usb usb1: Product: OHCI Host Controller
Nov 24 21:20:03 debian kernel: [    3.168101] usb usb1: Manufacturer: Linux 2.6.26-2-686 ohci_hcd
Nov 24 21:20:03 debian kernel: [    3.168109] usb usb1: SerialNumber: 0000:00:06.0
Nov 24 21:20:03 debian kernel: [    3.180563] ACPI: PCI Interrupt 0000:00:0b.0[A] -> Link [LNKC] -> GSI 11 (level, low) -> IRQ 11
Nov 24 21:20:03 debian kernel: [    3.180624] ehci_hcd 0000:00:0b.0: EHCI Host Controller
Nov 24 21:20:03 debian kernel: [    3.180680] ehci_hcd 0000:00:0b.0: new USB bus registered, assigned bus number 2
Nov 24 21:20:03 debian kernel: [    3.180946] ehci_hcd 0000:00:0b.0: irq 11, io mem 0xf0805000
Nov 24 21:20:03 debian kernel: [    3.181615] Uniform Multi-Platform E-IDE driver
Nov 24 21:20:03 debian kernel: [    3.181625] ide: Assuming 33MHz system bus speed for PIO modes; override with idebus=xx
Nov 24 21:20:03 debian kernel: [    3.192320] ehci_hcd 0000:00:0b.0: USB 2.0 started, EHCI 1.00, driver 10 Dec 2004
Nov 24 21:20:03 debian kernel: [    3.192541] usb usb2: configuration #1 chosen from 1 choice
Nov 24 21:20:03 debian kernel: [    3.192687] hub 2-0:1.0: USB hub found
Nov 24 21:20:03 debian kernel: [    3.194403] hub 2-0:1.0: 8 ports detected
Nov 24 21:20:03 debian kernel: [    3.296545] usb usb2: New USB device found, idVendor=1d6b, idProduct=0002
Nov 24 21:20:03 debian kernel: [    3.296556] usb usb2: New USB device strings: Mfr=3, Product=2, SerialNumber=1
Nov 24 21:20:03 debian kernel: [    3.296565] usb usb2: Product: EHCI Host Controller
Nov 24 21:20:03 debian kernel: [    3.296573] usb usb2: Manufacturer: Linux 2.6.26-2-686 ehci_hcd
Nov 24 21:20:03 debian kernel: [    3.296581] usb usb2: SerialNumber: 0000:00:0b.0
Nov 24 21:20:03 debian kernel: [    3.304002] PIIX4: IDE controller (0x8086:0x7111 rev 0x01) at  PCI slot 0000:00:01.1
Nov 24 21:20:03 debian kernel: [    3.304428] PIIX4: not 100% native mode: will probe irqs later
Nov 24 21:20:03 debian kernel: [    3.304479]     ide0: BM-DMA at 0xd000-0xd007
Nov 24 21:20:03 debian kernel: [    3.304524]     ide1: BM-DMA at 0xd008-0xd00f
Nov 24 21:20:03 debian kernel: [    3.593662] hda: VBOX HARDDISK, ATA DISK drive
Nov 24 21:20:03 debian kernel: [    4.267775] hda: UDMA/33 mode selected
Nov 24 21:20:03 debian kernel: [    5.005027] hdc: VBOX CD-ROM, ATAPI CD/DVD-ROM drive
Nov 24 21:20:03 debian kernel: [    5.677954] hdc: UDMA/33 mode selected
Nov 24 21:20:03 debian kernel: [    5.678418] ide0 at 0x1f0-0x1f7,0x3f6 on irq 14
Nov 24 21:20:03 debian kernel: [    5.680824] ide1 at 0x170-0x177,0x376 on irq 15
Nov 24 21:20:03 debian kernel: [    5.728894] hda: max request size: 128KiB
Nov 24 21:20:03 debian kernel: [    5.728908] hda: 12582912 sectors (6442 MB) w/256KiB Cache, CHS=12483/16/63
Nov 24 21:20:03 debian kernel: [    5.745263] hda: cache flushes supported
Nov 24 21:20:03 debian kernel: [    5.745517]  hda: hda1 hda2 < hda5 >
Nov 24 21:20:03 debian kernel: [    5.796022] hdc: ATAPI 32X DVD-ROM drive, 128kB Cache
Nov 24 21:20:03 debian kernel: [    5.796048] Uniform CD-ROM driver Revision: 3.20
Nov 24 21:20:03 debian kernel: [    6.200779] PM: Starting manual resume from disk
Nov 24 21:20:03 debian kernel: [    6.260140] kjournald starting.  Commit interval 5 seconds
Nov 24 21:20:03 debian kernel: [    6.260140] EXT3-fs: mounted filesystem with ordered data mode.
Nov 24 21:20:03 debian kernel: [    7.023478] udevd version 125 started
Nov 24 21:20:03 debian kernel: [    8.522948] input: Power Button (FF) as /class/input/input1
Nov 24 21:20:03 debian kernel: [    8.548248] ACPI: Power Button (FF) [PWRF]
Nov 24 21:20:03 debian kernel: [    8.548381] input: Sleep Button (FF) as /class/input/input2
Nov 24 21:20:03 debian kernel: [    8.580262] ACPI: Sleep Button (FF) [SLPF]
Nov 24 21:20:03 debian kernel: [    8.696187] ACPI: AC Adapter [AC] (on-line)
Nov 24 21:20:03 debian kernel: [    8.740755] ACPI: Battery Slot [BAT0] (battery present)
Nov 24 21:20:03 debian kernel: [    9.217667] piix4_smbus 0000:00:07.0: Found 0000:00:07.0 device
Nov 24 21:20:03 debian kernel: [    9.283743] input: ImExPS/2 Generic Explorer Mouse as /class/input/input3
Nov 24 21:20:03 debian kernel: [    9.284937] input: PC Speaker as /class/input/input4
Nov 24 21:20:03 debian kernel: [    9.295969] ACPI: PCI Interrupt Link [LNKA] enabled at IRQ 9
Nov 24 21:20:03 debian kernel: [    9.295990] ACPI: PCI Interrupt 0000:00:05.0[A] -> Link [LNKA] -> GSI 9 (level, low) -> IRQ 9
Nov 24 21:20:03 debian kernel: [    9.445270] parport_pc 00:05: reported by Plug and Play ACPI
Nov 24 21:20:03 debian kernel: [    9.620865] intel8x0_measure_ac97_clock: measured 53026 usecs
Nov 24 21:20:03 debian kernel: [    9.620887] intel8x0: measured clock 191773 rejected
Nov 24 21:20:03 debian kernel: [    9.620897] intel8x0: clocking to 48000
Nov 24 21:20:03 debian kernel: [   10.964483] Adding 321260k swap on /dev/hda5.  Priority:-1 extents:1 across:321260k
Nov 24 21:20:03 debian kernel: [   11.095009] EXT3 FS on hda1, internal journal
Nov 24 21:20:03 debian kernel: [   12.275147] loop: module loaded
Nov 24 21:20:03 debian kernel: [   13.428081] eth0: link up, 100Mbps, full-duplex
Nov 24 21:20:03 debian rsyslogd: [origin software="rsyslogd" swVersion="3.18.6" x-pid="1637" x-info="http://www.rsyslog.com"] restart
Nov 24 21:20:46 debian kernel: [   57.515954] NET: Registered protocol family 10
Nov 24 21:20:46 debian kernel: [   57.518385] lo: Disabled Privacy Extensions
Nov 24 21:22:00 debian shutdown[2463]: shutting down for system halt
Nov 24 22:24:14 debian kernel: imklog 3.18.6, log source = /proc/kmsg started.
Nov 24 22:24:14 debian kernel: [    0.000000] Initializing cgroup subsys cpuset
Nov 24 22:24:14 debian kernel: [    0.000000] Initializing cgroup subsys cpu
Nov 24 22:24:14 debian kernel: [    0.000000] Linux version 2.6.26-2-686 (Debian 2.6.26-19lenny2) (dannf@debian.org) (gcc version 4.1.3 20080704 (prerelease) (Debian 4.1.2-25)) #1 SMP Wed Nov 4 20:45:37 UTC 2009
Nov 24 22:24:14 debian kernel: [    0.000000] BIOS-provided physical RAM map:
Nov 24 22:24:14 debian kernel: [    0.000000]  BIOS-e820: 0000000000000000 - 000000000009fc00 (usable)
Nov 24 22:24:14 debian kernel: [    0.000000]  BIOS-e820: 000000000009fc00 - 00000000000a0000 (reserved)
Nov 24 22:24:14 debian kernel: [    0.000000]  BIOS-e820: 00000000000f0000 - 0000000000100000 (reserved)
Nov 24 22:24:14 debian kernel: [    0.000000]  BIOS-e820: 0000000000100000 - 000000000fff0000 (usable)
Nov 24 22:24:14 debian kernel: [    0.000000]  BIOS-e820: 000000000fff0000 - 0000000010000000 (ACPI data)
Nov 24 22:24:14 debian kernel: [    0.000000]  BIOS-e820: 00000000fffc0000 - 0000000100000000 (reserved)
Nov 24 22:24:14 debian kernel: [    0.000000] WARNING: strange, CPU MTRRs all blank?
Nov 24 22:24:14 debian kernel: [    0.000000] ------------[ cut here ]------------
Nov 24 22:24:14 debian kernel: [    0.000000] WARNING: at arch/x86/kernel/cpu/mtrr/main.c:696 mtrr_trim_uncached_memory+0x178/0x183()
Nov 24 22:24:14 debian kernel: [    0.000000] Modules linked in:
Nov 24 22:24:14 debian kernel: [    0.000000] Pid: 0, comm: swapper Not tainted 2.6.26-2-686 #1
Nov 24 22:24:14 debian kernel: [    0.000000]  [<c01225f3>] warn_on_slowpath+0x40/0x66
Nov 24 22:24:14 debian kernel: [    0.000000]  [<c02b9b2b>] _spin_lock_irqsave+0x16/0x2f
Nov 24 22:24:14 debian kernel: [    0.000000]  [<c02b9bb9>] _spin_unlock_irqrestore+0xd/0x10
Nov 24 22:24:14 debian kernel: [    0.000000]  [<c0122a94>] release_console_sem+0x173/0x18c
Nov 24 22:24:14 debian kernel: [    0.000000]  [<c0122f0b>] vprintk+0x2d2/0x2de
Nov 24 22:24:14 debian kernel: [    0.000000]  [<c010cd84>] mtrr_wrmsr+0xf/0x2e
Nov 24 22:24:14 debian kernel: [    0.000000]  [<c0122f2b>] printk+0x14/0x18
Nov 24 22:24:14 debian kernel: [    0.000000]  [<c03873cb>] mtrr_trim_uncached_memory+0x178/0x183
Nov 24 22:24:14 debian kernel: [    0.000000]  [<c0385060>] setup_arch+0x254/0x6bb
Nov 24 22:24:14 debian kernel: [    0.000000]  [<c0122f2b>] printk+0x14/0x18
Nov 24 22:24:14 debian kernel: [    0.000000]  [<c037f5e4>] start_kernel+0x62/0x2d7
Nov 24 22:24:14 debian kernel: [    0.000000]  =======================
Nov 24 22:24:14 debian kernel: [    0.000000] ---[ end trace 4eaa2a86a8e2da22 ]---
Nov 24 22:24:14 debian kernel: [    0.000000] 0MB HIGHMEM available.
Nov 24 22:24:14 debian kernel: [    0.000000] 255MB LOWMEM available.
Nov 24 22:24:14 debian kernel: [    0.000000] Zone PFN ranges:
Nov 24 22:24:14 debian kernel: [    0.000000]   DMA             0 ->     4096
Nov 24 22:24:14 debian kernel: [    0.000000]   Normal       4096 ->    65520
Nov 24 22:24:14 debian kernel: [    0.000000]   HighMem     65520 ->    65520
Nov 24 22:24:14 debian kernel: [    0.000000] Movable zone start PFN for each node
Nov 24 22:24:14 debian kernel: [    0.000000] early_node_map[1] active PFN ranges
Nov 24 22:24:14 debian kernel: [    0.000000]     0:        0 ->    65520
Nov 24 22:24:14 debian kernel: [    0.000000] DMI 2.5 present.
Nov 24 22:24:14 debian kernel: [    0.000000] ACPI: RSDP 000E0000, 0024 (r2 VBOX  )
Nov 24 22:24:14 debian kernel: [    0.000000] ACPI: XSDT 0FFF0030, 002C (r1 VBOX   VBOXXSDT        1 ASL        61)
Nov 24 22:24:14 debian kernel: [    0.000000] ACPI: FACP 0FFF00E0, 00F4 (r4 VBOX   VBOXFACP        1 ASL        61)
Nov 24 22:24:14 debian kernel: [    0.000000] ACPI: DSDT 0FFF0220, 1A0C (r1 VBOX   VBOXBIOS        2 INTL 20090521)
Nov 24 22:24:14 debian kernel: [    0.000000] ACPI: FACS 0FFF01E0, 0040
Nov 24 22:24:14 debian kernel: [    0.000000] ACPI: PM-Timer IO Port: 0x4008
Nov 24 22:24:14 debian kernel: [    0.000000] Allocating PCI resources starting at 20000000 (gap: 10000000:effc0000)
Nov 24 22:24:14 debian kernel: [    0.000000] PM: Registered nosave memory: 000000000009f000 - 00000000000a0000
Nov 24 22:24:14 debian kernel: [    0.000000] PM: Registered nosave memory: 00000000000a0000 - 00000000000f0000
Nov 24 22:24:14 debian kernel: [    0.000000] PM: Registered nosave memory: 00000000000f0000 - 0000000000100000
Nov 24 22:24:14 debian kernel: [    0.000000] SMP: Allowing 0 CPUs, 0 hotplug CPUs
Nov 24 22:24:14 debian kernel: [    0.000000] PERCPU: Allocating 37992 bytes of per cpu data
Nov 24 22:24:14 debian kernel: [    0.000000] Built 1 zonelists in Zone order, mobility grouping on.  Total pages: 65008
Nov 24 22:24:14 debian kernel: [    0.000000] Kernel command line: root=/dev/hda1 ro quiet
Nov 24 22:24:14 debian kernel: [    0.000000] Found and enabled local APIC!
Nov 24 22:24:14 debian kernel: [    0.000000] Enabling fast FPU save and restore... done.
Nov 24 22:24:14 debian kernel: [    0.000000] Enabling unmasked SIMD FPU exception support... done.
Nov 24 22:24:14 debian kernel: [    0.000000] Initializing CPU#0
Nov 24 22:24:14 debian kernel: [    0.000000] PID hash table entries: 1024 (order: 10, 4096 bytes)
Nov 24 22:24:14 debian kernel: [    0.000000] Detected 2382.763 MHz processor.
Nov 24 22:24:14 debian kernel: [    0.004000] Console: colour VGA+ 80x25
Nov 24 22:24:14 debian kernel: [    0.004000] console [tty0] enabled
Nov 24 22:24:14 debian kernel: [    0.004000] Dentry cache hash table entries: 32768 (order: 5, 131072 bytes)
Nov 24 22:24:14 debian kernel: [    0.004000] Inode-cache hash table entries: 16384 (order: 4, 65536 bytes)
Nov 24 22:24:14 debian kernel: [    0.004000] Memory: 249924k/262080k available (1770k kernel code, 11592k reserved, 750k data, 244k init, 0k highmem)
Nov 24 22:24:14 debian kernel: [    0.004000] virtual kernel memory layout:
Nov 24 22:24:14 debian kernel: [    0.004000]     fixmap  : 0xfff4c000 - 0xfffff000   ( 716 kB)
Nov 24 22:24:14 debian kernel: [    0.004000]     pkmap   : 0xff800000 - 0xffc00000   (4096 kB)
Nov 24 22:24:14 debian kernel: [    0.004000]     vmalloc : 0xd0800000 - 0xff7fe000   ( 751 MB)
Nov 24 22:24:14 debian kernel: [    0.004000]     lowmem  : 0xc0000000 - 0xcfff0000   ( 255 MB)
Nov 24 22:24:14 debian kernel: [    0.004000]       .init : 0xc037f000 - 0xc03bc000   ( 244 kB)
Nov 24 22:24:14 debian kernel: [    0.004000]       .data : 0xc02baaa1 - 0xc0376620   ( 750 kB)
Nov 24 22:24:14 debian kernel: [    0.004000]       .text : 0xc0100000 - 0xc02baaa1   (1770 kB)
Nov 24 22:24:14 debian kernel: [    0.004000] Checking if this processor honours the WP bit even in supervisor mode...Ok.
Nov 24 22:24:14 debian kernel: [    0.084320] Calibrating delay using timer specific routine.. 4888.72 BogoMIPS (lpj=9777450)
Nov 24 22:24:14 debian kernel: [    0.086400] Security Framework initialized
Nov 24 22:24:14 debian kernel: [    0.086502] SELinux:  Disabled at boot.
Nov 24 22:24:14 debian kernel: [    0.086586] Capability LSM initialized
Nov 24 22:24:14 debian kernel: [    0.087353] Mount-cache hash table entries: 512
Nov 24 22:24:14 debian kernel: [    0.101456] Initializing cgroup subsys ns
Nov 24 22:24:14 debian kernel: [    0.101635] Initializing cgroup subsys cpuacct
Nov 24 22:24:14 debian kernel: [    0.101776] Initializing cgroup subsys devices
Nov 24 22:24:14 debian kernel: [    0.102426] 
Nov 24 22:24:14 debian kernel: [    0.102603] Intel machine check architecture supported.
Nov 24 22:24:14 debian kernel: [    0.102808] Intel machine check reporting enabled on CPU#0.
Nov 24 22:24:14 debian kernel: [    0.102887] using mwait in idle threads.
Nov 24 22:24:14 debian kernel: [    0.103578] Checking 'hlt' instruction... OK.
Nov 24 22:24:14 debian kernel: [    0.163530] SMP alternatives: switching to UP code
Nov 24 22:24:14 debian kernel: [    0.860031] Freeing SMP alternatives: 16k freed
Nov 24 22:24:14 debian kernel: [    0.860031] ACPI: Core revision 20080321
Nov 24 22:24:14 debian kernel: [    0.868488] ACPI: setting ELCR to 0200 (from 0e20)
Nov 24 22:24:14 debian kernel: [    0.887140] weird, boot CPU (#0) not listedby the BIOS.
Nov 24 22:24:14 debian kernel: [    0.887190] SMP motherboard not detected.
Nov 24 22:24:14 debian kernel: [    0.892031] SMP disabled
Nov 24 22:24:14 debian kernel: [    0.903052] Brought up 1 CPUs
Nov 24 22:24:14 debian kernel: [    0.903081] Total of 1 processors activated (4888.72 BogoMIPS).
Nov 24 22:24:14 debian kernel: [    0.924499] net_namespace: 660 bytes
Nov 24 22:24:14 debian kernel: [    0.924750] Booting paravirtualized kernel on bare hardware
Nov 24 22:24:14 debian kernel: [    0.928701] NET: Registered protocol family 16
Nov 24 22:24:14 debian kernel: [    0.933240] ACPI: bus type pci registered
Nov 24 22:24:14 debian kernel: [    0.938009] PCI: PCI BIOS revision 2.10 entry at 0xfc080, last bus=0
Nov 24 22:24:14 debian kernel: [    0.938029] PCI: Using configuration type 1 for base access
Nov 24 22:24:14 debian kernel: [    0.938079] Setting up standard PCI resources
Nov 24 22:24:14 debian kernel: [    1.012430] ACPI: Interpreter enabled
Nov 24 22:24:14 debian kernel: [    1.012450] ACPI: (supports S0 S5)
Nov 24 22:24:14 debian kernel: [    1.012489] ACPI: Using PIC for interrupt routing
Nov 24 22:24:14 debian kernel: [    1.102631] ACPI: PCI Root Bridge [PCI0] (0000:00)
Nov 24 22:24:14 debian kernel: [    1.460237] ACPI: PCI Interrupt Link [LNKA] (IRQs 5 *9 10 11)
Nov 24 22:24:14 debian kernel: [    1.460568] ACPI: PCI Interrupt Link [LNKB] (IRQs *5 9 10 11)
Nov 24 22:24:14 debian kernel: [    1.460708] ACPI: PCI Interrupt Link [LNKC] (IRQs 5 9 10 *11)
Nov 24 22:24:14 debian kernel: [    1.460843] ACPI: PCI Interrupt Link [LNKD] (IRQs 5 9 *10 11)
Nov 24 22:24:14 debian kernel: [    1.461364] Linux Plug and Play Support v0.97 (c) Adam Belay
Nov 24 22:24:14 debian kernel: [    1.461751] pnp: PnP ACPI init
Nov 24 22:24:14 debian kernel: [    1.461775] ACPI: bus type pnp registered
Nov 24 22:24:14 debian kernel: [    1.498690] pnp: PnP ACPI: found 6 devices
Nov 24 22:24:14 debian kernel: [    1.500186] ACPI: ACPI bus type pnp unregistered
Nov 24 22:24:14 debian kernel: [    1.500295] PnPBIOS: Disabled by ACPI PNP
Nov 24 22:24:14 debian kernel: [    1.510176] PCI: Using ACPI for IRQ routing
Nov 24 22:24:14 debian kernel: [    1.548936] NET: Registered protocol family 2
Nov 24 22:24:14 debian kernel: [    1.551708] IP route cache hash table entries: 2048 (order: 1, 8192 bytes)
Nov 24 22:24:14 debian kernel: [    1.553500] TCP established hash table entries: 8192 (order: 4, 65536 bytes)
Nov 24 22:24:14 debian kernel: [    1.553588] TCP bind hash table entries: 8192 (order: 4, 65536 bytes)
Nov 24 22:24:14 debian kernel: [    1.553663] TCP: Hash tables configured (established 8192 bind 8192)
Nov 24 22:24:14 debian kernel: [    1.553679] TCP reno registered
Nov 24 22:24:14 debian kernel: [    1.554230] NET: Registered protocol family 1
Nov 24 22:24:14 debian kernel: [    1.556384] checking if image is initramfs... it is
Nov 24 22:24:14 debian kernel: [    2.298585] Freeing initrd memory: 6043k freed
Nov 24 22:24:14 debian kernel: [    2.300090] platform rtc_cmos: registered platform RTC device (no PNP device found)
Nov 24 22:24:14 debian kernel: [    2.306974] audit: initializing netlink socket (disabled)
Nov 24 22:24:14 debian kernel: [    2.307840] type=2000 audit(1259119434.304:1): initialized
Nov 24 22:24:14 debian kernel: [    2.312028] Total HugeTLB memory allocated, 0
Nov 24 22:24:14 debian kernel: [    2.316089] VFS: Disk quotas dquot_6.5.1
Nov 24 22:24:14 debian kernel: [    2.316089] Dquot-cache hash table entries: 1024 (order 0, 4096 bytes)
Nov 24 22:24:14 debian kernel: [    2.316089] msgmni has been set to 500
Nov 24 22:24:14 debian kernel: [    2.316917] Block layer SCSI generic (bsg) driver version 0.4 loaded (major 253)
Nov 24 22:24:14 debian kernel: [    2.316941] io scheduler noop registered
Nov 24 22:24:14 debian kernel: [    2.316951] io scheduler anticipatory registered
Nov 24 22:24:14 debian kernel: [    2.316965] io scheduler deadline registered
Nov 24 22:24:14 debian kernel: [    2.316985] io scheduler cfq registered (default)
Nov 24 22:24:14 debian kernel: [    2.317037] pci 0000:00:00.0: Limiting direct PCI/PCI transfers
Nov 24 22:24:14 debian kernel: [    2.317100] pci 0000:00:01.0: Activating ISA DMA hang workarounds
Nov 24 22:24:14 debian kernel: [    2.323444] isapnp: Scanning for PnP cards...
Nov 24 22:24:14 debian kernel: [    2.696293] isapnp: No Plug & Play device found
Nov 24 22:24:14 debian kernel: [    2.723282] Serial: 8250/16550 driver $Revision: 1.90 $ 4 ports, IRQ sharing enabled
Nov 24 22:24:14 debian kernel: [    2.742483] brd: module loaded
Nov 24 22:24:14 debian kernel: [    2.743210] PNP: PS/2 Controller [PNP0303:PS2K,PNP0f03:PS2M] at 0x60,0x64 irq 1,12
Nov 24 22:24:14 debian kernel: [    2.749100] serio: i8042 KBD port at 0x60,0x64 irq 1
Nov 24 22:24:14 debian kernel: [    2.749902] serio: i8042 AUX port at 0x60,0x64 irq 12
Nov 24 22:24:14 debian kernel: [    2.751922] mice: PS/2 mouse device common for all mice
Nov 24 22:24:14 debian kernel: [    2.759566] input: AT Translated Set 2 keyboard as /class/input/input0
Nov 24 22:24:14 debian kernel: [    2.759810] rtc_cmos rtc_cmos: rtc core: registered rtc_cmos as rtc0
Nov 24 22:24:14 debian kernel: [    2.762245] rtc0: alarms up to one day
Nov 24 22:24:14 debian kernel: [    2.767599] cpuidle: using governor ladder
Nov 24 22:24:14 debian kernel: [    2.767611] cpuidle: using governor menu
Nov 24 22:24:14 debian kernel: [    2.767638] No iBFT detected.
Nov 24 22:24:14 debian kernel: [    2.768228] TCP cubic registered
Nov 24 22:24:14 debian kernel: [    2.768244] NET: Registered protocol family 17
Nov 24 22:24:14 debian kernel: [    2.768282] Using IPI No-Shortcut mode
Nov 24 22:24:14 debian kernel: [    2.768298] registered taskstats version 1
Nov 24 22:24:14 debian kernel: [    2.769337] rtc_cmos rtc_cmos: setting system clock to 2009-11-25 03:23:55 UTC (1259119435)
Nov 24 22:24:14 debian kernel: [    2.773495] Freeing unused kernel memory: 244k freed
Nov 24 22:24:14 debian kernel: [    4.439810] No dock devices found.
Nov 24 22:24:14 debian kernel: [    4.468061] SCSI subsystem initialized
Nov 24 22:24:14 debian kernel: [    4.551794] Uniform Multi-Platform E-IDE driver
Nov 24 22:24:14 debian kernel: [    4.551810] ide: Assuming 33MHz system bus speed for PIO modes; override with idebus=xx
Nov 24 22:24:14 debian kernel: [    4.574048] PIIX4: IDE controller (0x8086:0x7111 rev 0x01) at  PCI slot 0000:00:01.1
Nov 24 22:24:14 debian kernel: [    4.574139] PIIX4: not 100% native mode: will probe irqs later
Nov 24 22:24:14 debian kernel: [    4.574250]     ide0: BM-DMA at 0xd000-0xd007
Nov 24 22:24:14 debian kernel: [    4.574287]     ide1: BM-DMA at 0xd008-0xd00f
Nov 24 22:24:14 debian kernel: [    4.832061] pcnet32.c:v1.35 21.Apr.2008 tsbogend@alpha.franken.de
Nov 24 22:24:14 debian kernel: [    4.861974] hda: VBOX HARDDISK, ATA DISK drive
Nov 24 22:24:14 debian kernel: [    4.956408] usbcore: registered new interface driver usbfs
Nov 24 22:24:14 debian kernel: [    4.956455] usbcore: registered new interface driver hub
Nov 24 22:24:14 debian kernel: [    4.956817] usbcore: registered new device driver usb
Nov 24 22:24:14 debian kernel: [    5.171230] Floppy drive(s): fd0 is 1.44M
Nov 24 22:24:14 debian kernel: [    5.202111] FDC 0 is a S82078B
Nov 24 22:24:14 debian kernel: [    5.548050] hda: UDMA/33 mode selected
Nov 24 22:24:14 debian kernel: [    6.317035] hdc: VBOX CD-ROM, ATAPI CD/DVD-ROM drive
Nov 24 22:24:14 debian kernel: [    7.021539] hdc: UDMA/33 mode selected
Nov 24 22:24:14 debian kernel: [    7.022261] ide0 at 0x1f0-0x1f7,0x3f6 on irq 14
Nov 24 22:24:14 debian kernel: [    7.027774] ide1 at 0x170-0x177,0x376 on irq 15
Nov 24 22:24:14 debian kernel: [    7.035828] ACPI: PCI Interrupt Link [LNKC] enabled at IRQ 11
Nov 24 22:24:14 debian kernel: [    7.035865] ACPI: PCI Interrupt 0000:00:03.0[A] -> Link [LNKC] -> GSI 11 (level, low) -> IRQ 11
Nov 24 22:24:14 debian kernel: [    7.036000] pcnet32: PCnet/FAST III 79C973 at 0xd020, 08:00:27:59:43:17 assigned IRQ 11.
Nov 24 22:24:14 debian kernel: [    7.036285] pcnet32: Found PHY 0022:561b at address 0.
Nov 24 22:24:14 debian kernel: [    7.037544] eth0: registered as PCnet/FAST III 79C973
Nov 24 22:24:14 debian kernel: [    7.045134] ACPI: PCI Interrupt Link [LNKB] enabled at IRQ 5
Nov 24 22:24:14 debian kernel: [    7.045164] ACPI: PCI Interrupt 0000:00:06.0[A] -> Link [LNKB] -> GSI 5 (level, low) -> IRQ 5
Nov 24 22:24:14 debian kernel: [    7.045283] ohci_hcd 0000:00:06.0: OHCI Host Controller
Nov 24 22:24:14 debian kernel: [    7.045583] ohci_hcd 0000:00:06.0: new USB bus registered, assigned bus number 1
Nov 24 22:24:14 debian kernel: [    7.045736] ohci_hcd 0000:00:06.0: irq 5, io mem 0xf0804000
Nov 24 22:24:14 debian kernel: [    7.115511] usb usb1: configuration #1 chosen from 1 choice
Nov 24 22:24:14 debian kernel: [    7.115792] hub 1-0:1.0: USB hub found
Nov 24 22:24:14 debian kernel: [    7.116066] hub 1-0:1.0: 8 ports detected
Nov 24 22:24:14 debian kernel: [    7.127262] hda: max request size: 128KiB
Nov 24 22:24:14 debian kernel: [    7.127276] hda: 12582912 sectors (6442 MB) w/256KiB Cache, CHS=12483/16/63
Nov 24 22:24:14 debian kernel: [    7.147055] hda: cache flushes supported
Nov 24 22:24:14 debian kernel: [    7.147471]  hda: hda1 hda2 < hda5 >
Nov 24 22:24:14 debian kernel: [    7.210371] hdc: ATAPI 32X DVD-ROM drive, 128kB Cache
Nov 24 22:24:14 debian kernel: [    7.210413] Uniform CD-ROM driver Revision: 3.20
Nov 24 22:24:14 debian kernel: [    7.219849] usb usb1: New USB device found, idVendor=1d6b, idProduct=0001
Nov 24 22:24:14 debian kernel: [    7.219866] usb usb1: New USB device strings: Mfr=3, Product=2, SerialNumber=1
Nov 24 22:24:14 debian kernel: [    7.219880] usb usb1: Product: OHCI Host Controller
Nov 24 22:24:14 debian kernel: [    7.219892] usb usb1: Manufacturer: Linux 2.6.26-2-686 ohci_hcd
Nov 24 22:24:14 debian kernel: [    7.219905] usb usb1: SerialNumber: 0000:00:06.0
Nov 24 22:24:14 debian kernel: [    7.225179] pcnet32: 1 cards_found.
Nov 24 22:24:14 debian kernel: [    7.228591] ACPI: PCI Interrupt 0000:00:0b.0[A] -> Link [LNKC] -> GSI 11 (level, low) -> IRQ 11
Nov 24 22:24:14 debian kernel: [    7.228717] ehci_hcd 0000:00:0b.0: EHCI Host Controller
Nov 24 22:24:14 debian kernel: [    7.228818] ehci_hcd 0000:00:0b.0: new USB bus registered, assigned bus number 2
Nov 24 22:24:14 debian kernel: [    7.229235] ehci_hcd 0000:00:0b.0: irq 11, io mem 0xf0805000
Nov 24 22:24:14 debian kernel: [    7.240402] ehci_hcd 0000:00:0b.0: USB 2.0 started, EHCI 1.00, driver 10 Dec 2004
Nov 24 22:24:14 debian kernel: [    7.240547] usb usb2: configuration #1 chosen from 1 choice
Nov 24 22:24:14 debian kernel: [    7.240593] hub 2-0:1.0: USB hub found
Nov 24 22:24:14 debian kernel: [    7.242309] hub 2-0:1.0: 8 ports detected
Nov 24 22:24:14 debian kernel: [    7.347199] usb usb2: New USB device found, idVendor=1d6b, idProduct=0002
Nov 24 22:24:14 debian kernel: [    7.347218] usb usb2: New USB device strings: Mfr=3, Product=2, SerialNumber=1
Nov 24 22:24:14 debian kernel: [    7.347233] usb usb2: Product: EHCI Host Controller
Nov 24 22:24:14 debian kernel: [    7.347245] usb usb2: Manufacturer: Linux 2.6.26-2-686 ehci_hcd
Nov 24 22:24:14 debian kernel: [    7.347257] usb usb2: SerialNumber: 0000:00:0b.0
Nov 24 22:24:14 debian kernel: [    7.826881] PM: Starting manual resume from disk
Nov 24 22:24:14 debian kernel: [    7.925757] kjournald starting.  Commit interval 5 seconds
Nov 24 22:24:14 debian kernel: [    7.925757] EXT3-fs: mounted filesystem with ordered data mode.
Nov 24 22:24:14 debian kernel: [    9.387357] udevd version 125 started
Nov 24 22:24:14 debian kernel: [   10.883217] udev: renamed network interface eth0 to eth1
Nov 24 22:24:14 debian kernel: [   12.431065] input: Power Button (FF) as /class/input/input1
Nov 24 22:24:14 debian kernel: [   12.465974] ACPI: Power Button (FF) [PWRF]
Nov 24 22:24:14 debian kernel: [   12.466558] input: Sleep Button (FF) as /class/input/input2
Nov 24 22:24:14 debian kernel: [   12.508737] ACPI: Sleep Button (FF) [SLPF]
Nov 24 22:24:14 debian kernel: [   12.631878] piix4_smbus 0000:00:07.0: Found 0000:00:07.0 device
Nov 24 22:24:14 debian kernel: [   12.815302] ACPI: AC Adapter [AC] (off-line)
Nov 24 22:24:14 debian kernel: [   13.000121] ACPI: Battery Slot [BAT0] (battery present)
Nov 24 22:24:14 debian kernel: [   13.059520] ACPI: PCI Interrupt Link [LNKA] enabled at IRQ 9
Nov 24 22:24:14 debian kernel: [   13.059546] ACPI: PCI Interrupt 0000:00:05.0[A] -> Link [LNKA] -> GSI 9 (level, low) -> IRQ 9
Nov 24 22:24:14 debian kernel: [   13.389805] intel8x0_measure_ac97_clock: measured 54718 usecs
Nov 24 22:24:14 debian kernel: [   13.389834] intel8x0: measured clock 374173 rejected
Nov 24 22:24:14 debian kernel: [   13.389849] intel8x0: clocking to 48000
Nov 24 22:24:14 debian kernel: [   13.473309] input: PC Speaker as /class/input/input3
Nov 24 22:24:14 debian kernel: [   13.628140] input: ImExPS/2 Generic Explorer Mouse as /class/input/input4
Nov 24 22:24:14 debian kernel: [   13.934677] parport_pc 00:05: reported by Plug and Play ACPI
Nov 24 22:24:14 debian kernel: [   16.344068] Adding 321260k swap on /dev/hda5.  Priority:-1 extents:1 across:321260k
Nov 24 22:24:14 debian kernel: [   16.906516] EXT3 FS on hda1, internal journal
Nov 24 22:24:14 debian kernel: [   17.923611] loop: module loaded
Nov 24 22:24:14 debian rsyslogd: [origin software="rsyslogd" swVersion="3.18.6" x-pid="1678" x-info="http://www.rsyslog.com"] restart
Nov 24 22:24:15 debian kernel: [   22.703477] NET: Registered protocol family 10
Nov 24 22:24:15 debian kernel: [   22.707816] lo: Disabled Privacy Extensions
Nov 24 22:25:06 debian shutdown[2077]: shutting down for system halt
Nov 24 22:26:37 debian kernel: imklog 3.18.6, log source = /proc/kmsg started.
Nov 24 22:26:37 debian kernel: [    0.000000] Initializing cgroup subsys cpuset
Nov 24 22:26:37 debian kernel: [    0.000000] Initializing cgroup subsys cpu
Nov 24 22:26:37 debian kernel: [    0.000000] Linux version 2.6.26-2-686 (Debian 2.6.26-19lenny2) (dannf@debian.org) (gcc version 4.1.3 20080704 (prerelease) (Debian 4.1.2-25)) #1 SMP Wed Nov 4 20:45:37 UTC 2009
Nov 24 22:26:37 debian kernel: [    0.000000] BIOS-provided physical RAM map:
Nov 24 22:26:37 debian kernel: [    0.000000]  BIOS-e820: 0000000000000000 - 000000000009fc00 (usable)
Nov 24 22:26:37 debian kernel: [    0.000000]  BIOS-e820: 000000000009fc00 - 00000000000a0000 (reserved)
Nov 24 22:26:37 debian kernel: [    0.000000]  BIOS-e820: 00000000000f0000 - 0000000000100000 (reserved)
Nov 24 22:26:37 debian kernel: [    0.000000]  BIOS-e820: 0000000000100000 - 000000000fff0000 (usable)
Nov 24 22:26:37 debian kernel: [    0.000000]  BIOS-e820: 000000000fff0000 - 0000000010000000 (ACPI data)
Nov 24 22:26:37 debian kernel: [    0.000000]  BIOS-e820: 00000000fffc0000 - 0000000100000000 (reserved)
Nov 24 22:26:37 debian kernel: [    0.000000] WARNING: strange, CPU MTRRs all blank?
Nov 24 22:26:37 debian kernel: [    0.000000] ------------[ cut here ]------------
Nov 24 22:26:37 debian kernel: [    0.000000] WARNING: at arch/x86/kernel/cpu/mtrr/main.c:696 mtrr_trim_uncached_memory+0x178/0x183()
Nov 24 22:26:37 debian kernel: [    0.000000] Modules linked in:
Nov 24 22:26:37 debian kernel: [    0.000000] Pid: 0, comm: swapper Not tainted 2.6.26-2-686 #1
Nov 24 22:26:37 debian kernel: [    0.000000]  [<c01225f3>] warn_on_slowpath+0x40/0x66
Nov 24 22:26:37 debian kernel: [    0.000000]  [<c02b9b2b>] _spin_lock_irqsave+0x16/0x2f
Nov 24 22:26:37 debian kernel: [    0.000000]  [<c02b9bb9>] _spin_unlock_irqrestore+0xd/0x10
Nov 24 22:26:37 debian kernel: [    0.000000]  [<c0122a94>] release_console_sem+0x173/0x18c
Nov 24 22:26:37 debian kernel: [    0.000000]  [<c0122f0b>] vprintk+0x2d2/0x2de
Nov 24 22:26:37 debian kernel: [    0.000000]  [<c010cd84>] mtrr_wrmsr+0xf/0x2e
Nov 24 22:26:37 debian kernel: [    0.000000]  [<c0122f2b>] printk+0x14/0x18
Nov 24 22:26:37 debian kernel: [    0.000000]  [<c03873cb>] mtrr_trim_uncached_memory+0x178/0x183
Nov 24 22:26:37 debian kernel: [    0.000000]  [<c0385060>] setup_arch+0x254/0x6bb
Nov 24 22:26:37 debian kernel: [    0.000000]  [<c0122f2b>] printk+0x14/0x18
Nov 24 22:26:37 debian kernel: [    0.000000]  [<c037f5e4>] start_kernel+0x62/0x2d7
Nov 24 22:26:37 debian kernel: [    0.000000]  =======================
Nov 24 22:26:37 debian kernel: [    0.000000] ---[ end trace 4eaa2a86a8e2da22 ]---
Nov 24 22:26:37 debian kernel: [    0.000000] 0MB HIGHMEM available.
Nov 24 22:26:37 debian kernel: [    0.000000] 255MB LOWMEM available.
Nov 24 22:26:37 debian kernel: [    0.000000] Zone PFN ranges:
Nov 24 22:26:37 debian kernel: [    0.000000]   DMA             0 ->     4096
Nov 24 22:26:37 debian kernel: [    0.000000]   Normal       4096 ->    65520
Nov 24 22:26:37 debian kernel: [    0.000000]   HighMem     65520 ->    65520
Nov 24 22:26:37 debian kernel: [    0.000000] Movable zone start PFN for each node
Nov 24 22:26:37 debian kernel: [    0.000000] early_node_map[1] active PFN ranges
Nov 24 22:26:37 debian kernel: [    0.000000]     0:        0 ->    65520
Nov 24 22:26:37 debian kernel: [    0.000000] DMI 2.5 present.
Nov 24 22:26:37 debian kernel: [    0.000000] ACPI: RSDP 000E0000, 0024 (r2 VBOX  )
Nov 24 22:26:37 debian kernel: [    0.000000] ACPI: XSDT 0FFF0030, 002C (r1 VBOX   VBOXXSDT        1 ASL        61)
Nov 24 22:26:37 debian kernel: [    0.000000] ACPI: FACP 0FFF00E0, 00F4 (r4 VBOX   VBOXFACP        1 ASL        61)
Nov 24 22:26:37 debian kernel: [    0.000000] ACPI: DSDT 0FFF0220, 1A0C (r1 VBOX   VBOXBIOS        2 INTL 20090521)
Nov 24 22:26:37 debian kernel: [    0.000000] ACPI: FACS 0FFF01E0, 0040
Nov 24 22:26:37 debian kernel: [    0.000000] ACPI: PM-Timer IO Port: 0x4008
Nov 24 22:26:37 debian kernel: [    0.000000] Allocating PCI resources starting at 20000000 (gap: 10000000:effc0000)
Nov 24 22:26:37 debian kernel: [    0.000000] PM: Registered nosave memory: 000000000009f000 - 00000000000a0000
Nov 24 22:26:37 debian kernel: [    0.000000] PM: Registered nosave memory: 00000000000a0000 - 00000000000f0000
Nov 24 22:26:37 debian kernel: [    0.000000] PM: Registered nosave memory: 00000000000f0000 - 0000000000100000
Nov 24 22:26:37 debian kernel: [    0.000000] SMP: Allowing 0 CPUs, 0 hotplug CPUs
Nov 24 22:26:37 debian kernel: [    0.000000] PERCPU: Allocating 37992 bytes of per cpu data
Nov 24 22:26:37 debian kernel: [    0.000000] Built 1 zonelists in Zone order, mobility grouping on.  Total pages: 65008
Nov 24 22:26:37 debian kernel: [    0.000000] Kernel command line: root=/dev/hda1 ro quiet
Nov 24 22:26:37 debian kernel: [    0.000000] Found and enabled local APIC!
Nov 24 22:26:37 debian kernel: [    0.000000] Enabling fast FPU save and restore... done.
Nov 24 22:26:37 debian kernel: [    0.000000] Enabling unmasked SIMD FPU exception support... done.
Nov 24 22:26:37 debian kernel: [    0.000000] Initializing CPU#0
Nov 24 22:26:37 debian kernel: [    0.000000] PID hash table entries: 1024 (order: 10, 4096 bytes)
Nov 24 22:26:37 debian kernel: [    0.000000] Detected 2355.959 MHz processor.
Nov 24 22:26:37 debian kernel: [    0.004000] Console: colour VGA+ 80x25
Nov 24 22:26:37 debian kernel: [    0.004000] console [tty0] enabled
Nov 24 22:26:37 debian kernel: [    0.004000] Dentry cache hash table entries: 32768 (order: 5, 131072 bytes)
Nov 24 22:26:37 debian kernel: [    0.004000] Inode-cache hash table entries: 16384 (order: 4, 65536 bytes)
Nov 24 22:26:37 debian kernel: [    0.004000] Memory: 249924k/262080k available (1770k kernel code, 11592k reserved, 750k data, 244k init, 0k highmem)
Nov 24 22:26:37 debian kernel: [    0.004000] virtual kernel memory layout:
Nov 24 22:26:37 debian kernel: [    0.004000]     fixmap  : 0xfff4c000 - 0xfffff000   ( 716 kB)
Nov 24 22:26:37 debian kernel: [    0.004000]     pkmap   : 0xff800000 - 0xffc00000   (4096 kB)
Nov 24 22:26:37 debian kernel: [    0.004000]     vmalloc : 0xd0800000 - 0xff7fe000   ( 751 MB)
Nov 24 22:26:37 debian kernel: [    0.004000]     lowmem  : 0xc0000000 - 0xcfff0000   ( 255 MB)
Nov 24 22:26:37 debian kernel: [    0.004000]       .init : 0xc037f000 - 0xc03bc000   ( 244 kB)
Nov 24 22:26:37 debian kernel: [    0.004000]       .data : 0xc02baaa1 - 0xc0376620   ( 750 kB)
Nov 24 22:26:37 debian kernel: [    0.004000]       .text : 0xc0100000 - 0xc02baaa1   (1770 kB)
Nov 24 22:26:37 debian kernel: [    0.004000] Checking if this processor honours the WP bit even in supervisor mode...Ok.
Nov 24 22:26:37 debian kernel: [    0.085025] Calibrating delay using timer specific routine.. 4889.81 BogoMIPS (lpj=9779620)
Nov 24 22:26:37 debian kernel: [    0.087109] Security Framework initialized
Nov 24 22:26:37 debian kernel: [    0.087205] SELinux:  Disabled at boot.
Nov 24 22:26:37 debian kernel: [    0.087287] Capability LSM initialized
Nov 24 22:26:37 debian kernel: [    0.088005] Mount-cache hash table entries: 512
Nov 24 22:26:37 debian kernel: [    0.102240] Initializing cgroup subsys ns
Nov 24 22:26:37 debian kernel: [    0.102414] Initializing cgroup subsys cpuacct
Nov 24 22:26:37 debian kernel: [    0.102554] Initializing cgroup subsys devices
Nov 24 22:26:37 debian kernel: [    0.103210] 
Nov 24 22:26:37 debian kernel: [    0.103389] Intel machine check architecture supported.
Nov 24 22:26:37 debian kernel: [    0.103609] Intel machine check reporting enabled on CPU#0.
Nov 24 22:26:37 debian kernel: [    0.103691] using mwait in idle threads.
Nov 24 22:26:37 debian kernel: [    0.104006] Checking 'hlt' instruction... OK.
Nov 24 22:26:37 debian kernel: [    0.157990] SMP alternatives: switching to UP code
Nov 24 22:26:37 debian kernel: [    0.876031] Freeing SMP alternatives: 16k freed
Nov 24 22:26:37 debian kernel: [    0.877423] ACPI: Core revision 20080321
Nov 24 22:26:37 debian kernel: [    0.885202] ACPI: setting ELCR to 0200 (from 0e20)
Nov 24 22:26:37 debian kernel: [    0.906343] weird, boot CPU (#0) not listedby the BIOS.
Nov 24 22:26:37 debian kernel: [    0.906390] SMP motherboard not detected.
Nov 24 22:26:37 debian kernel: [    0.908031] SMP disabled
Nov 24 22:26:37 debian kernel: [    0.919582] Brought up 1 CPUs
Nov 24 22:26:37 debian kernel: [    0.919611] Total of 1 processors activated (4889.81 BogoMIPS).
Nov 24 22:26:37 debian kernel: [    0.939967] net_namespace: 660 bytes
Nov 24 22:26:37 debian kernel: [    0.941650] Booting paravirtualized kernel on bare hardware
Nov 24 22:26:37 debian kernel: [    0.945735] NET: Registered protocol family 16
Nov 24 22:26:37 debian kernel: [    0.950568] ACPI: bus type pci registered
Nov 24 22:26:37 debian kernel: [    0.954880] PCI: PCI BIOS revision 2.10 entry at 0xfc080, last bus=0
Nov 24 22:26:37 debian kernel: [    0.954909] PCI: Using configuration type 1 for base access
Nov 24 22:26:37 debian kernel: [    0.954969] Setting up standard PCI resources
Nov 24 22:26:37 debian kernel: [    1.031208] ACPI: Interpreter enabled
Nov 24 22:26:37 debian kernel: [    1.031230] ACPI: (supports S0 S5)
Nov 24 22:26:37 debian kernel: [    1.031269] ACPI: Using PIC for interrupt routing
Nov 24 22:26:37 debian kernel: [    1.123542] ACPI: PCI Root Bridge [PCI0] (0000:00)
Nov 24 22:26:37 debian kernel: [    1.472139] ACPI: PCI Interrupt Link [LNKA] (IRQs 5 *9 10 11)
Nov 24 22:26:37 debian kernel: [    1.472139] ACPI: PCI Interrupt Link [LNKB] (IRQs *5 9 10 11)
Nov 24 22:26:37 debian kernel: [    1.472139] ACPI: PCI Interrupt Link [LNKC] (IRQs 5 9 10 *11)
Nov 24 22:26:37 debian kernel: [    1.472139] ACPI: PCI Interrupt Link [LNKD] (IRQs 5 9 *10 11)
Nov 24 22:26:37 debian kernel: [    1.473106] Linux Plug and Play Support v0.97 (c) Adam Belay
Nov 24 22:26:37 debian kernel: [    1.474067] pnp: PnP ACPI init
Nov 24 22:26:37 debian kernel: [    1.474155] ACPI: bus type pnp registered
Nov 24 22:26:37 debian kernel: [    1.501362] pnp: PnP ACPI: found 6 devices
Nov 24 22:26:37 debian kernel: [    1.501422] ACPI: ACPI bus type pnp unregistered
Nov 24 22:26:37 debian kernel: [    1.501453] PnPBIOS: Disabled by ACPI PNP
Nov 24 22:26:37 debian kernel: [    1.511908] PCI: Using ACPI for IRQ routing
Nov 24 22:26:37 debian kernel: [    1.555909] NET: Registered protocol family 2
Nov 24 22:26:37 debian kernel: [    1.558007] IP route cache hash table entries: 2048 (order: 1, 8192 bytes)
Nov 24 22:26:37 debian kernel: [    1.558448] TCP established hash table entries: 8192 (order: 4, 65536 bytes)
Nov 24 22:26:37 debian kernel: [    1.558531] TCP bind hash table entries: 8192 (order: 4, 65536 bytes)
Nov 24 22:26:37 debian kernel: [    1.558606] TCP: Hash tables configured (established 8192 bind 8192)
Nov 24 22:26:37 debian kernel: [    1.558622] TCP reno registered
Nov 24 22:26:37 debian kernel: [    1.559117] NET: Registered protocol family 1
Nov 24 22:26:37 debian kernel: [    1.562587] checking if image is initramfs... it is
Nov 24 22:26:37 debian kernel: [    2.317069] Freeing initrd memory: 6043k freed
Nov 24 22:26:37 debian kernel: [    2.319236] platform rtc_cmos: registered platform RTC device (no PNP device found)
Nov 24 22:26:37 debian kernel: [    2.324935] audit: initializing netlink socket (disabled)
Nov 24 22:26:37 debian kernel: [    2.325864] type=2000 audit(1259119578.324:1): initialized
Nov 24 22:26:37 debian kernel: [    2.329120] Total HugeTLB memory allocated, 0
Nov 24 22:26:37 debian kernel: [    2.329784] VFS: Disk quotas dquot_6.5.1
Nov 24 22:26:37 debian kernel: [    2.329848] Dquot-cache hash table entries: 1024 (order 0, 4096 bytes)
Nov 24 22:26:37 debian kernel: [    2.329972] msgmni has been set to 500
Nov 24 22:26:37 debian kernel: [    2.330969] Block layer SCSI generic (bsg) driver version 0.4 loaded (major 253)
Nov 24 22:26:37 debian kernel: [    2.330993] io scheduler noop registered
Nov 24 22:26:37 debian kernel: [    2.331004] io scheduler anticipatory registered
Nov 24 22:26:37 debian kernel: [    2.331017] io scheduler deadline registered
Nov 24 22:26:37 debian kernel: [    2.331038] io scheduler cfq registered (default)
Nov 24 22:26:37 debian kernel: [    2.331087] pci 0000:00:00.0: Limiting direct PCI/PCI transfers
Nov 24 22:26:37 debian kernel: [    2.331154] pci 0000:00:01.0: Activating ISA DMA hang workarounds
Nov 24 22:26:37 debian kernel: [    2.342056] isapnp: Scanning for PnP cards...
Nov 24 22:26:37 debian kernel: [    2.722190] isapnp: No Plug & Play device found
Nov 24 22:26:37 debian kernel: [    2.749348] Serial: 8250/16550 driver $Revision: 1.90 $ 4 ports, IRQ sharing enabled
Nov 24 22:26:37 debian kernel: [    2.769096] brd: module loaded
Nov 24 22:26:37 debian kernel: [    2.769778] PNP: PS/2 Controller [PNP0303:PS2K,PNP0f03:PS2M] at 0x60,0x64 irq 1,12
Nov 24 22:26:37 debian kernel: [    2.775725] serio: i8042 KBD port at 0x60,0x64 irq 1
Nov 24 22:26:37 debian kernel: [    2.777354] serio: i8042 AUX port at 0x60,0x64 irq 12
Nov 24 22:26:37 debian kernel: [    2.779022] mice: PS/2 mouse device common for all mice
Nov 24 22:26:37 debian kernel: [    2.787428] input: AT Translated Set 2 keyboard as /class/input/input0
Nov 24 22:26:37 debian kernel: [    2.787719] rtc_cmos rtc_cmos: rtc core: registered rtc_cmos as rtc0
Nov 24 22:26:37 debian kernel: [    2.789423] rtc0: alarms up to one day
Nov 24 22:26:37 debian kernel: [    2.794141] cpuidle: using governor ladder
Nov 24 22:26:37 debian kernel: [    2.794157] cpuidle: using governor menu
Nov 24 22:26:37 debian kernel: [    2.794184] No iBFT detected.
Nov 24 22:26:37 debian kernel: [    2.794789] TCP cubic registered
Nov 24 22:26:37 debian kernel: [    2.794805] NET: Registered protocol family 17
Nov 24 22:26:37 debian kernel: [    2.794857] Using IPI No-Shortcut mode
Nov 24 22:26:37 debian kernel: [    2.795986] registered taskstats version 1
Nov 24 22:26:37 debian kernel: [    2.797392] rtc_cmos rtc_cmos: setting system clock to 2009-11-25 03:26:19 UTC (1259119579)
Nov 24 22:26:37 debian kernel: [    2.801512] Freeing unused kernel memory: 244k freed
Nov 24 22:26:37 debian kernel: [    4.494738] No dock devices found.
Nov 24 22:26:37 debian kernel: [    4.528957] SCSI subsystem initialized
Nov 24 22:26:37 debian kernel: [    4.620072] Uniform Multi-Platform E-IDE driver
Nov 24 22:26:37 debian kernel: [    4.620294] ide: Assuming 33MHz system bus speed for PIO modes; override with idebus=xx
Nov 24 22:26:37 debian kernel: [    4.641248] PIIX4: IDE controller (0x8086:0x7111 rev 0x01) at  PCI slot 0000:00:01.1
Nov 24 22:26:37 debian kernel: [    4.641343] PIIX4: not 100% native mode: will probe irqs later
Nov 24 22:26:37 debian kernel: [    4.641407]     ide0: BM-DMA at 0xd000-0xd007
Nov 24 22:26:37 debian kernel: [    4.641447]     ide1: BM-DMA at 0xd008-0xd00f
Nov 24 22:26:37 debian kernel: [    4.907809] pcnet32.c:v1.35 21.Apr.2008 tsbogend@alpha.franken.de
Nov 24 22:26:37 debian kernel: [    4.947457] hda: VBOX HARDDISK, ATA DISK drive
Nov 24 22:26:37 debian kernel: [    5.012527] usbcore: registered new interface driver usbfs
Nov 24 22:26:37 debian kernel: [    5.012580] usbcore: registered new interface driver hub
Nov 24 22:26:37 debian kernel: [    5.012959] usbcore: registered new device driver usb
Nov 24 22:26:37 debian kernel: [    5.241705] Floppy drive(s): fd0 is 1.44M
Nov 24 22:26:37 debian kernel: [    5.271715] FDC 0 is a S82078B
Nov 24 22:26:37 debian kernel: [    5.646322] hda: UDMA/33 mode selected
Nov 24 22:26:37 debian kernel: [    6.424761] hdc: VBOX CD-ROM, ATAPI CD/DVD-ROM drive
Nov 24 22:26:37 debian kernel: [    7.157207] hdc: UDMA/33 mode selected
Nov 24 22:26:37 debian kernel: [    7.158941] ide0 at 0x1f0-0x1f7,0x3f6 on irq 14
Nov 24 22:26:37 debian kernel: [    7.171859] ide1 at 0x170-0x177,0x376 on irq 15
Nov 24 22:26:37 debian kernel: [    7.176202] ACPI: PCI Interrupt Link [LNKC] enabled at IRQ 11
Nov 24 22:26:37 debian kernel: [    7.176240] ACPI: PCI Interrupt 0000:00:03.0[A] -> Link [LNKC] -> GSI 11 (level, low) -> IRQ 11
Nov 24 22:26:37 debian rsyslogd: [origin software="rsyslogd" swVersion="3.18.6" x-pid="1660" x-info="http://www.rsyslog.com"] restart
Nov 24 22:26:37 debian kernel: [    7.176310] pcnet32: PCnet/FAST III 79C973 at 0xd020, 08:00:27:59:43:17 assigned IRQ 11.
Nov 24 22:26:37 debian kernel: [    7.176310] pcnet32: Found PHY 0022:561b at address 0.
Nov 24 22:26:37 debian kernel: [    7.176310] eth0: registered as PCnet/FAST III 79C973
Nov 24 22:26:37 debian kernel: [    7.182017] ACPI: PCI Interrupt Link [LNKB] enabled at IRQ 5
Nov 24 22:26:37 debian kernel: [    7.182047] ACPI: PCI Interrupt 0000:00:06.0[A] -> Link [LNKB] -> GSI 5 (level, low) -> IRQ 5
Nov 24 22:26:37 debian kernel: [    7.182164] ohci_hcd 0000:00:06.0: OHCI Host Controller
Nov 24 22:26:37 debian kernel: [    7.182404] ohci_hcd 0000:00:06.0: new USB bus registered, assigned bus number 1
Nov 24 22:26:37 debian kernel: [    7.182550] ohci_hcd 0000:00:06.0: irq 5, io mem 0xf0804000
Nov 24 22:26:37 debian kernel: [    7.247846] usb usb1: configuration #1 chosen from 1 choice
Nov 24 22:26:37 debian kernel: [    7.247910] hub 1-0:1.0: USB hub found
Nov 24 22:26:37 debian kernel: [    7.252289] hub 1-0:1.0: 8 ports detected
Nov 24 22:26:37 debian kernel: [    7.277385] hda: max request size: 128KiB
Nov 24 22:26:37 debian kernel: [    7.277402] hda: 12582912 sectors (6442 MB) w/256KiB Cache, CHS=12483/16/63
Nov 24 22:26:37 debian kernel: [    7.297613] hda: cache flushes supported
Nov 24 22:26:37 debian kernel: [    7.298049]  hda: hda1 hda2 < hda5 >
Nov 24 22:26:37 debian kernel: [    7.356090] usb usb1: New USB device found, idVendor=1d6b, idProduct=0001
Nov 24 22:26:37 debian kernel: [    7.356090] usb usb1: New USB device strings: Mfr=3, Product=2, SerialNumber=1
Nov 24 22:26:37 debian kernel: [    7.356090] usb usb1: Product: OHCI Host Controller
Nov 24 22:26:37 debian kernel: [    7.356090] usb usb1: Manufacturer: Linux 2.6.26-2-686 ohci_hcd
Nov 24 22:26:37 debian kernel: [    7.356090] usb usb1: SerialNumber: 0000:00:06.0
Nov 24 22:26:37 debian kernel: [    7.362195] pcnet32: 1 cards_found.
Nov 24 22:26:37 debian kernel: [    7.368073] ACPI: PCI Interrupt 0000:00:0b.0[A] -> Link [LNKC] -> GSI 11 (level, low) -> IRQ 11
Nov 24 22:26:37 debian kernel: [    7.368073] ehci_hcd 0000:00:0b.0: EHCI Host Controller
Nov 24 22:26:37 debian kernel: [    7.371110] ehci_hcd 0000:00:0b.0: new USB bus registered, assigned bus number 2
Nov 24 22:26:37 debian kernel: [    7.371725] ehci_hcd 0000:00:0b.0: irq 11, io mem 0xf0805000
Nov 24 22:26:37 debian kernel: [    7.376341] hdc: ATAPI 32X DVD-ROM drive, 128kB Cache
Nov 24 22:26:37 debian kernel: [    7.376341] Uniform CD-ROM driver Revision: 3.20
Nov 24 22:26:37 debian kernel: [    7.381080] ehci_hcd 0000:00:0b.0: USB 2.0 started, EHCI 1.00, driver 10 Dec 2004
Nov 24 22:26:37 debian kernel: [    7.381219] usb usb2: configuration #1 chosen from 1 choice
Nov 24 22:26:37 debian kernel: [    7.381262] hub 2-0:1.0: USB hub found
Nov 24 22:26:37 debian kernel: [    7.383323] hub 2-0:1.0: 8 ports detected
Nov 24 22:26:37 debian kernel: [    7.485366] usb usb2: New USB device found, idVendor=1d6b, idProduct=0002
Nov 24 22:26:37 debian kernel: [    7.485383] usb usb2: New USB device strings: Mfr=3, Product=2, SerialNumber=1
Nov 24 22:26:37 debian kernel: [    7.485398] usb usb2: Product: EHCI Host Controller
Nov 24 22:26:37 debian kernel: [    7.485409] usb usb2: Manufacturer: Linux 2.6.26-2-686 ehci_hcd
Nov 24 22:26:37 debian kernel: [    7.485422] usb usb2: SerialNumber: 0000:00:0b.0
Nov 24 22:26:37 debian kernel: [    7.950310] PM: Starting manual resume from disk
Nov 24 22:26:37 debian kernel: [    8.044289] kjournald starting.  Commit interval 5 seconds
Nov 24 22:26:37 debian kernel: [    8.044476] EXT3-fs: mounted filesystem with ordered data mode.
Nov 24 22:26:37 debian kernel: [    9.143147] udevd version 125 started
Nov 24 22:26:37 debian kernel: [   10.356066] udev: renamed network interface eth0 to eth1
Nov 24 22:26:37 debian kernel: [   11.929127] input: Power Button (FF) as /class/input/input1
Nov 24 22:26:37 debian kernel: [   11.956613] ACPI: Power Button (FF) [PWRF]
Nov 24 22:26:37 debian kernel: [   11.956803] input: Sleep Button (FF) as /class/input/input2
Nov 24 22:26:37 debian kernel: [   11.989689] ACPI: Sleep Button (FF) [SLPF]
Nov 24 22:26:37 debian kernel: [   12.324082] ACPI: AC Adapter [AC] (off-line)
Nov 24 22:26:37 debian kernel: [   12.475237] ACPI: Battery Slot [BAT0] (battery present)
Nov 24 22:26:37 debian kernel: [   12.682353] ACPI: PCI Interrupt Link [LNKA] enabled at IRQ 9
Nov 24 22:26:37 debian kernel: [   12.682382] ACPI: PCI Interrupt 0000:00:05.0[A] -> Link [LNKA] -> GSI 9 (level, low) -> IRQ 9
Nov 24 22:26:37 debian kernel: [   12.942103] input: ImExPS/2 Generic Explorer Mouse as /class/input/input3
Nov 24 22:26:37 debian kernel: [   13.060391] intel8x0_measure_ac97_clock: measured 100768 usecs
Nov 24 22:26:37 debian kernel: [   13.060391] intel8x0: measured clock 406349 rejected
Nov 24 22:26:37 debian kernel: [   13.060391] intel8x0: clocking to 48000
Nov 24 22:26:37 debian kernel: [   13.063238] piix4_smbus 0000:00:07.0: Found 0000:00:07.0 device
Nov 24 22:26:37 debian kernel: [   13.167015] input: PC Speaker as /class/input/input4
Nov 24 22:26:37 debian kernel: [   13.560910] parport_pc 00:05: reported by Plug and Play ACPI
Nov 24 22:26:37 debian kernel: [   15.416096] Adding 321260k swap on /dev/hda5.  Priority:-1 extents:1 across:321260k
Nov 24 22:26:37 debian kernel: [   15.579547] EXT3 FS on hda1, internal journal
Nov 24 22:26:37 debian kernel: [   16.979582] loop: module loaded
Nov 24 22:26:37 debian kernel: [   21.115705] NET: Registered protocol family 10
Nov 24 22:26:37 debian kernel: [   21.120063] lo: Disabled Privacy Extensions
Nov 24 22:26:54 debian kernel: [   37.872090] eth1: link up, 100Mbps, full-duplex
Nov 24 22:28:24 debian shutdown[2075]: shutting down for system halt
Nov 24 22:29:48 debian kernel: imklog 3.18.6, log source = /proc/kmsg started.
Nov 24 22:29:48 debian kernel: [    0.000000] Initializing cgroup subsys cpuset
Nov 24 22:29:48 debian kernel: [    0.000000] Initializing cgroup subsys cpu
Nov 24 22:29:48 debian kernel: [    0.000000] Linux version 2.6.26-2-686 (Debian 2.6.26-19lenny2) (dannf@debian.org) (gcc version 4.1.3 20080704 (prerelease) (Debian 4.1.2-25)) #1 SMP Wed Nov 4 20:45:37 UTC 2009
Nov 24 22:29:48 debian kernel: [    0.000000] BIOS-provided physical RAM map:
Nov 24 22:29:48 debian kernel: [    0.000000]  BIOS-e820: 0000000000000000 - 000000000009fc00 (usable)
Nov 24 22:29:48 debian kernel: [    0.000000]  BIOS-e820: 000000000009fc00 - 00000000000a0000 (reserved)
Nov 24 22:29:48 debian kernel: [    0.000000]  BIOS-e820: 00000000000f0000 - 0000000000100000 (reserved)
Nov 24 22:29:48 debian kernel: [    0.000000]  BIOS-e820: 0000000000100000 - 000000000fff0000 (usable)
Nov 24 22:29:48 debian kernel: [    0.000000]  BIOS-e820: 000000000fff0000 - 0000000010000000 (ACPI data)
Nov 24 22:29:48 debian kernel: [    0.000000]  BIOS-e820: 00000000fffc0000 - 0000000100000000 (reserved)
Nov 24 22:29:48 debian kernel: [    0.000000] WARNING: strange, CPU MTRRs all blank?
Nov 24 22:29:48 debian kernel: [    0.000000] ------------[ cut here ]------------
Nov 24 22:29:48 debian kernel: [    0.000000] WARNING: at arch/x86/kernel/cpu/mtrr/main.c:696 mtrr_trim_uncached_memory+0x178/0x183()
Nov 24 22:29:48 debian kernel: [    0.000000] Modules linked in:
Nov 24 22:29:48 debian kernel: [    0.000000] Pid: 0, comm: swapper Not tainted 2.6.26-2-686 #1
Nov 24 22:29:48 debian kernel: [    0.000000]  [<c01225f3>] warn_on_slowpath+0x40/0x66
Nov 24 22:29:48 debian kernel: [    0.000000]  [<c02b9b2b>] _spin_lock_irqsave+0x16/0x2f
Nov 24 22:29:48 debian kernel: [    0.000000]  [<c02b9bb9>] _spin_unlock_irqrestore+0xd/0x10
Nov 24 22:29:48 debian kernel: [    0.000000]  [<c0122a94>] release_console_sem+0x173/0x18c
Nov 24 22:29:48 debian kernel: [    0.000000]  [<c0122f0b>] vprintk+0x2d2/0x2de
Nov 24 22:29:48 debian kernel: [    0.000000]  [<c010cd84>] mtrr_wrmsr+0xf/0x2e
Nov 24 22:29:48 debian kernel: [    0.000000]  [<c0122f2b>] printk+0x14/0x18
Nov 24 22:29:48 debian kernel: [    0.000000]  [<c03873cb>] mtrr_trim_uncached_memory+0x178/0x183
Nov 24 22:29:48 debian kernel: [    0.000000]  [<c0385060>] setup_arch+0x254/0x6bb
Nov 24 22:29:48 debian kernel: [    0.000000]  [<c0122f2b>] printk+0x14/0x18
Nov 24 22:29:48 debian kernel: [    0.000000]  [<c037f5e4>] start_kernel+0x62/0x2d7
Nov 24 22:29:48 debian kernel: [    0.000000]  =======================
Nov 24 22:29:48 debian kernel: [    0.000000] ---[ end trace 4eaa2a86a8e2da22 ]---
Nov 24 22:29:48 debian kernel: [    0.000000] 0MB HIGHMEM available.
Nov 24 22:29:48 debian kernel: [    0.000000] 255MB LOWMEM available.
Nov 24 22:29:48 debian kernel: [    0.000000] Zone PFN ranges:
Nov 24 22:29:48 debian kernel: [    0.000000]   DMA             0 ->     4096
Nov 24 22:29:48 debian kernel: [    0.000000]   Normal       4096 ->    65520
Nov 24 22:29:48 debian kernel: [    0.000000]   HighMem     65520 ->    65520
Nov 24 22:29:48 debian kernel: [    0.000000] Movable zone start PFN for each node
Nov 24 22:29:48 debian kernel: [    0.000000] early_node_map[1] active PFN ranges
Nov 24 22:29:48 debian kernel: [    0.000000]     0:        0 ->    65520
Nov 24 22:29:48 debian kernel: [    0.000000] DMI 2.5 present.
Nov 24 22:29:48 debian kernel: [    0.000000] ACPI: RSDP 000E0000, 0024 (r2 VBOX  )
Nov 24 22:29:48 debian kernel: [    0.000000] ACPI: XSDT 0FFF0030, 002C (r1 VBOX   VBOXXSDT        1 ASL        61)
Nov 24 22:29:48 debian kernel: [    0.000000] ACPI: FACP 0FFF00E0, 00F4 (r4 VBOX   VBOXFACP        1 ASL        61)
Nov 24 22:29:48 debian kernel: [    0.000000] ACPI: DSDT 0FFF0220, 1A0C (r1 VBOX   VBOXBIOS        2 INTL 20090521)
Nov 24 22:29:48 debian kernel: [    0.000000] ACPI: FACS 0FFF01E0, 0040
Nov 24 22:29:48 debian kernel: [    0.000000] ACPI: PM-Timer IO Port: 0x4008
Nov 24 22:29:48 debian kernel: [    0.000000] Allocating PCI resources starting at 20000000 (gap: 10000000:effc0000)
Nov 24 22:29:48 debian kernel: [    0.000000] PM: Registered nosave memory: 000000000009f000 - 00000000000a0000
Nov 24 22:29:48 debian kernel: [    0.000000] PM: Registered nosave memory: 00000000000a0000 - 00000000000f0000
Nov 24 22:29:48 debian kernel: [    0.000000] PM: Registered nosave memory: 00000000000f0000 - 0000000000100000
Nov 24 22:29:48 debian kernel: [    0.000000] SMP: Allowing 0 CPUs, 0 hotplug CPUs
Nov 24 22:29:48 debian kernel: [    0.000000] PERCPU: Allocating 37992 bytes of per cpu data
Nov 24 22:29:48 debian kernel: [    0.000000] Built 1 zonelists in Zone order, mobility grouping on.  Total pages: 65008
Nov 24 22:29:48 debian kernel: [    0.000000] Kernel command line: root=/dev/hda1 ro quiet
Nov 24 22:29:48 debian kernel: [    0.000000] Found and enabled local APIC!
Nov 24 22:29:48 debian kernel: [    0.000000] Enabling fast FPU save and restore... done.
Nov 24 22:29:48 debian kernel: [    0.000000] Enabling unmasked SIMD FPU exception support... done.
Nov 24 22:29:48 debian kernel: [    0.000000] Initializing CPU#0
Nov 24 22:29:48 debian kernel: [    0.000000] PID hash table entries: 1024 (order: 10, 4096 bytes)
Nov 24 22:29:48 debian kernel: [    0.000000] Detected 2234.244 MHz processor.
Nov 24 22:29:48 debian kernel: [    0.004000] Console: colour VGA+ 80x25
Nov 24 22:29:48 debian kernel: [    0.004000] console [tty0] enabled
Nov 24 22:29:48 debian kernel: [    0.004000] Dentry cache hash table entries: 32768 (order: 5, 131072 bytes)
Nov 24 22:29:48 debian kernel: [    0.004000] Inode-cache hash table entries: 16384 (order: 4, 65536 bytes)
Nov 24 22:29:48 debian kernel: [    0.004000] Memory: 249924k/262080k available (1770k kernel code, 11592k reserved, 750k data, 244k init, 0k highmem)
Nov 24 22:29:48 debian kernel: [    0.004000] virtual kernel memory layout:
Nov 24 22:29:48 debian kernel: [    0.004000]     fixmap  : 0xfff4c000 - 0xfffff000   ( 716 kB)
Nov 24 22:29:48 debian kernel: [    0.004000]     pkmap   : 0xff800000 - 0xffc00000   (4096 kB)
Nov 24 22:29:48 debian kernel: [    0.004000]     vmalloc : 0xd0800000 - 0xff7fe000   ( 751 MB)
Nov 24 22:29:48 debian kernel: [    0.004000]     lowmem  : 0xc0000000 - 0xcfff0000   ( 255 MB)
Nov 24 22:29:48 debian kernel: [    0.004000]       .init : 0xc037f000 - 0xc03bc000   ( 244 kB)
Nov 24 22:29:48 debian kernel: [    0.004000]       .data : 0xc02baaa1 - 0xc0376620   ( 750 kB)
Nov 24 22:29:48 debian kernel: [    0.004000]       .text : 0xc0100000 - 0xc02baaa1   (1770 kB)
Nov 24 22:29:48 debian kernel: [    0.004000] Checking if this processor honours the WP bit even in supervisor mode...Ok.
Nov 24 22:29:48 debian kernel: [    0.088005] Calibrating delay using timer specific routine.. 4904.11 BogoMIPS (lpj=9808224)
Nov 24 22:29:48 debian kernel: [    0.088005] Security Framework initialized
Nov 24 22:29:48 debian kernel: [    0.088005] SELinux:  Disabled at boot.
Nov 24 22:29:48 debian kernel: [    0.088005] Capability LSM initialized
Nov 24 22:29:48 debian kernel: [    0.088005] Mount-cache hash table entries: 512
Nov 24 22:29:48 debian kernel: [    0.103316] Initializing cgroup subsys ns
Nov 24 22:29:48 debian kernel: [    0.103508] Initializing cgroup subsys cpuacct
Nov 24 22:29:48 debian kernel: [    0.103656] Initializing cgroup subsys devices
Nov 24 22:29:48 debian kernel: [    0.104006] 
Nov 24 22:29:48 debian kernel: [    0.104006] Intel machine check architecture supported.
Nov 24 22:29:48 debian kernel: [    0.104006] Intel machine check reporting enabled on CPU#0.
Nov 24 22:29:48 debian kernel: [    0.104006] using mwait in idle threads.
Nov 24 22:29:48 debian kernel: [    0.104006] Checking 'hlt' instruction... OK.
Nov 24 22:29:48 debian kernel: [    0.148009] SMP alternatives: switching to UP code
Nov 24 22:29:48 debian kernel: [    0.872031] Freeing SMP alternatives: 16k freed
Nov 24 22:29:48 debian kernel: [    0.873351] ACPI: Core revision 20080321
Nov 24 22:29:48 debian kernel: [    0.882163] ACPI: setting ELCR to 0200 (from 0e20)
Nov 24 22:29:48 debian kernel: [    0.902341] weird, boot CPU (#0) not listedby the BIOS.
Nov 24 22:29:48 debian kernel: [    0.902369] SMP motherboard not detected.
Nov 24 22:29:48 debian kernel: [    0.904031] APIC calibration not consistent with PM Timer: 98ms instead of 100ms
Nov 24 22:29:48 debian kernel: [    0.904031] APIC delta adjusted to PM-Timer: 6233590 (6167659)
Nov 24 22:29:48 debian kernel: [    0.904031] SMP disabled
Nov 24 22:29:48 debian kernel: [    0.915614] Brought up 1 CPUs
Nov 24 22:29:48 debian kernel: [    0.915645] Total of 1 processors activated (4904.11 BogoMIPS).
Nov 24 22:29:48 debian kernel: [    0.940031] net_namespace: 660 bytes
Nov 24 22:29:48 debian kernel: [    0.940265] Booting paravirtualized kernel on bare hardware
Nov 24 22:29:48 debian kernel: [    0.943069] NET: Registered protocol family 16
Nov 24 22:29:48 debian kernel: [    0.948979] ACPI: bus type pci registered
Nov 24 22:29:48 debian kernel: [    0.953668] PCI: PCI BIOS revision 2.10 entry at 0xfc080, last bus=0
Nov 24 22:29:48 debian kernel: [    0.953690] PCI: Using configuration type 1 for base access
Nov 24 22:29:48 debian kernel: [    0.953747] Setting up standard PCI resources
Nov 24 22:29:48 debian kernel: [    1.027239] ACPI: Interpreter enabled
Nov 24 22:29:48 debian kernel: [    1.027262] ACPI: (supports S0 S5)
Nov 24 22:29:48 debian kernel: [    1.027304] ACPI: Using PIC for interrupt routing
Nov 24 22:29:48 debian kernel: [    1.120190] ACPI: PCI Root Bridge [PCI0] (0000:00)
Nov 24 22:29:48 debian kernel: [    1.593773] ACPI: PCI Interrupt Link [LNKA] (IRQs 5 *9 10 11)
Nov 24 22:29:48 debian kernel: [    1.596248] ACPI: PCI Interrupt Link [LNKB] (IRQs *5 9 10 11)
Nov 24 22:29:48 debian kernel: [    1.596427] ACPI: PCI Interrupt Link [LNKC] (IRQs 5 9 10 *11)
Nov 24 22:29:48 debian kernel: [    1.596600] ACPI: PCI Interrupt Link [LNKD] (IRQs 5 9 *10 11)
Nov 24 22:29:48 debian kernel: [    1.597271] Linux Plug and Play Support v0.97 (c) Adam Belay
Nov 24 22:29:48 debian kernel: [    1.597788] pnp: PnP ACPI init
Nov 24 22:29:48 debian kernel: [    1.597819] ACPI: bus type pnp registered
Nov 24 22:29:48 debian kernel: [    1.640860] pnp: PnP ACPI: found 6 devices
Nov 24 22:29:48 debian kernel: [    1.640875] ACPI: ACPI bus type pnp unregistered
Nov 24 22:29:48 debian kernel: [    1.640893] PnPBIOS: Disabled by ACPI PNP
Nov 24 22:29:48 debian kernel: [    1.645491] PCI: Using ACPI for IRQ routing
Nov 24 22:29:48 debian kernel: [    1.692172] NET: Registered protocol family 2
Nov 24 22:29:48 debian kernel: [    1.696358] IP route cache hash table entries: 2048 (order: 1, 8192 bytes)
Nov 24 22:29:48 debian kernel: [    1.696798] TCP established hash table entries: 8192 (order: 4, 65536 bytes)
Nov 24 22:29:48 debian kernel: [    1.696889] TCP bind hash table entries: 8192 (order: 4, 65536 bytes)
Nov 24 22:29:48 debian kernel: [    1.696969] TCP: Hash tables configured (established 8192 bind 8192)
Nov 24 22:29:48 debian kernel: [    1.696986] TCP reno registered
Nov 24 22:29:48 debian kernel: [    1.697543] NET: Registered protocol family 1
Nov 24 22:29:48 debian kernel: [    1.698347] checking if image is initramfs... it is
Nov 24 22:29:48 debian kernel: [    2.620345] Freeing initrd memory: 6043k freed
Nov 24 22:29:48 debian kernel: [    2.622186] platform rtc_cmos: registered platform RTC device (no PNP device found)
Nov 24 22:29:48 debian kernel: [    2.630340] audit: initializing netlink socket (disabled)
Nov 24 22:29:48 debian kernel: [    2.631410] type=2000 audit(1259119765.629:1): initialized
Nov 24 22:29:48 debian kernel: [    2.637470] Total HugeTLB memory allocated, 0
Nov 24 22:29:48 debian kernel: [    2.638365] VFS: Disk quotas dquot_6.5.1
Nov 24 22:29:48 debian kernel: [    2.638435] Dquot-cache hash table entries: 1024 (order 0, 4096 bytes)
Nov 24 22:29:48 debian kernel: [    2.638565] msgmni has been set to 500
Nov 24 22:29:48 debian kernel: [    2.641132] Block layer SCSI generic (bsg) driver version 0.4 loaded (major 253)
Nov 24 22:29:48 debian kernel: [    2.641176] io scheduler noop registered
Nov 24 22:29:48 debian kernel: [    2.641186] io scheduler anticipatory registered
Nov 24 22:29:48 debian kernel: [    2.641198] io scheduler deadline registered
Nov 24 22:29:48 debian kernel: [    2.641298] io scheduler cfq registered (default)
Nov 24 22:29:48 debian kernel: [    2.641360] pci 0000:00:00.0: Limiting direct PCI/PCI transfers
Nov 24 22:29:48 debian kernel: [    2.641436] pci 0000:00:01.0: Activating ISA DMA hang workarounds
Nov 24 22:29:48 debian kernel: [    2.648439] isapnp: Scanning for PnP cards...
Nov 24 22:29:48 debian kernel: [    3.080310] isapnp: No Plug & Play device found
Nov 24 22:29:48 debian kernel: [    3.107124] Serial: 8250/16550 driver $Revision: 1.90 $ 4 ports, IRQ sharing enabled
Nov 24 22:29:48 debian kernel: [    3.128272] brd: module loaded
Nov 24 22:29:48 debian kernel: [    3.128999] PNP: PS/2 Controller [PNP0303:PS2K,PNP0f03:PS2M] at 0x60,0x64 irq 1,12
Nov 24 22:29:48 debian kernel: [    3.135460] serio: i8042 KBD port at 0x60,0x64 irq 1
Nov 24 22:29:48 debian kernel: [    3.136996] serio: i8042 AUX port at 0x60,0x64 irq 12
Nov 24 22:29:48 debian kernel: [    3.138762] mice: PS/2 mouse device common for all mice
Nov 24 22:29:48 debian kernel: [    3.147425] input: AT Translated Set 2 keyboard as /class/input/input0
Nov 24 22:29:48 debian kernel: [    3.147691] rtc_cmos rtc_cmos: rtc core: registered rtc_cmos as rtc0
Nov 24 22:29:48 debian kernel: [    3.149668] rtc0: alarms up to one day
Nov 24 22:29:48 debian kernel: [    3.156357] cpuidle: using governor ladder
Nov 24 22:29:48 debian kernel: [    3.172412] cpuidle: using governor menu
Nov 24 22:29:48 debian kernel: [    3.172450] No iBFT detected.
Nov 24 22:29:48 debian kernel: [    3.172525] TCP cubic registered
Nov 24 22:29:48 debian kernel: [    3.172525] NET: Registered protocol family 17
Nov 24 22:29:48 debian kernel: [    3.172525] Using IPI No-Shortcut mode
Nov 24 22:29:48 debian kernel: [    3.172525] registered taskstats version 1
Nov 24 22:29:48 debian kernel: [    3.173850] rtc_cmos rtc_cmos: setting system clock to 2009-11-25 03:29:26 UTC (1259119766)
Nov 24 22:29:48 debian kernel: [    3.175378] Freeing unused kernel memory: 244k freed
Nov 24 22:29:48 debian kernel: [    5.115818] No dock devices found.
Nov 24 22:29:48 debian kernel: [    5.150418] SCSI subsystem initialized
Nov 24 22:29:48 debian kernel: [    5.320740] Uniform Multi-Platform E-IDE driver
Nov 24 22:29:48 debian kernel: [    5.320758] ide: Assuming 33MHz system bus speed for PIO modes; override with idebus=xx
Nov 24 22:29:48 debian kernel: [    5.371894] PIIX4: IDE controller (0x8086:0x7111 rev 0x01) at  PCI slot 0000:00:01.1
Nov 24 22:29:48 debian kernel: [    5.372013] PIIX4: not 100% native mode: will probe irqs later
Nov 24 22:29:48 debian kernel: [    5.372082]     ide0: BM-DMA at 0xd000-0xd007
Nov 24 22:29:48 debian kernel: [    5.372122]     ide1: BM-DMA at 0xd008-0xd00f
Nov 24 22:29:48 debian kernel: [    5.562073] pcnet32.c:v1.35 21.Apr.2008 tsbogend@alpha.franken.de
Nov 24 22:29:48 debian kernel: [    5.687327] hda: VBOX HARDDISK, ATA DISK drive
Nov 24 22:29:48 debian kernel: [    5.720165] usbcore: registered new interface driver usbfs
Nov 24 22:29:48 debian kernel: [    5.720223] usbcore: registered new interface driver hub
Nov 24 22:29:48 debian kernel: [    5.720311] usbcore: registered new device driver usb
Nov 24 22:29:48 debian kernel: [    6.008413] Floppy drive(s): fd0 is 1.44M
Nov 24 22:29:48 debian kernel: [    6.032142] FDC 0 is a S82078B
Nov 24 22:29:48 debian kernel: [    6.367355] hda: UDMA/33 mode selected
Nov 24 22:29:48 debian kernel: [    7.102486] hdc: VBOX CD-ROM, ATAPI CD/DVD-ROM drive
Nov 24 22:29:48 debian kernel: [    7.799345] hdc: UDMA/33 mode selected
Nov 24 22:29:48 debian kernel: [    7.799659] ide0 at 0x1f0-0x1f7,0x3f6 on irq 14
Nov 24 22:29:48 debian kernel: [    7.801971] ide1 at 0x170-0x177,0x376 on irq 15
Nov 24 22:29:48 debian kernel: [    7.806657] ACPI: PCI Interrupt Link [LNKC] enabled at IRQ 11
Nov 24 22:29:48 debian kernel: [    7.806695] ACPI: PCI Interrupt 0000:00:03.0[A] -> Link [LNKC] -> GSI 11 (level, low) -> IRQ 11
Nov 24 22:29:48 debian kernel: [    7.806862] pcnet32: PCnet/FAST III 79C973 at 0xd020, 08:00:27:59:43:17 assigned IRQ 11.
Nov 24 22:29:48 debian kernel: [    7.807263] pcnet32: Found PHY 0022:561b at address 0.
Nov 24 22:29:48 debian kernel: [    7.809429] eth0: registered as PCnet/FAST III 79C973
Nov 24 22:29:48 debian kernel: [    7.815357] ACPI: PCI Interrupt Link [LNKB] enabled at IRQ 5
Nov 24 22:29:48 debian kernel: [    7.815390] ACPI: PCI Interrupt 0000:00:06.0[A] -> Link [LNKB] -> GSI 5 (level, low) -> IRQ 5
Nov 24 22:29:48 debian kernel: [    7.815526] ohci_hcd 0000:00:06.0: OHCI Host Controller
Nov 24 22:29:48 debian kernel: [    7.815862] ohci_hcd 0000:00:06.0: new USB bus registered, assigned bus number 1
Nov 24 22:29:48 debian kernel: [    7.816081] ohci_hcd 0000:00:06.0: irq 5, io mem 0xf0804000
Nov 24 22:29:48 debian kernel: [    7.881447] usb usb1: configuration #1 chosen from 1 choice
Nov 24 22:29:48 debian kernel: [    7.881528] hub 1-0:1.0: USB hub found
Nov 24 22:29:48 debian kernel: [    7.884794] hub 1-0:1.0: 8 ports detected
Nov 24 22:29:48 debian kernel: [    7.918824] hda: max request size: 128KiB
Nov 24 22:29:48 debian kernel: [    7.918845] hda: 12582912 sectors (6442 MB) w/256KiB Cache, CHS=12483/16/63
Nov 24 22:29:48 debian kernel: [    7.944306] hda: cache flushes supported
Nov 24 22:29:48 debian kernel: [    7.944331]  hda:<6>usb usb1: New USB device found, idVendor=1d6b, idProduct=0001
Nov 24 22:29:48 debian kernel: [    7.991304] usb usb1: New USB device strings: Mfr=3, Product=2, SerialNumber=1
Nov 24 22:29:48 debian kernel: [    7.991320] usb usb1: Product: OHCI Host Controller
Nov 24 22:29:48 debian kernel: [    7.991333] usb usb1: Manufacturer: Linux 2.6.26-2-686 ohci_hcd
Nov 24 22:29:48 debian kernel: [    7.991346] usb usb1: SerialNumber: 0000:00:06.0
Nov 24 22:29:48 debian kernel: [    8.005209] pcnet32: 1 cards_found.
Nov 24 22:29:48 debian kernel: [    8.005209] ACPI: PCI Interrupt 0000:00:0b.0[A] -> Link [LNKC] -> GSI 11 (level, low) -> IRQ 11
Nov 24 22:29:48 debian kernel: [    8.005209] ehci_hcd 0000:00:0b.0: EHCI Host Controller
Nov 24 22:29:48 debian kernel: [    8.005209] ehci_hcd 0000:00:0b.0: new USB bus registered, assigned bus number 2
Nov 24 22:29:48 debian kernel: [    8.005917] ehci_hcd 0000:00:0b.0: irq 11, io mem 0xf0805000
Nov 24 22:29:48 debian kernel: [    8.017996] ehci_hcd 0000:00:0b.0: USB 2.0 started, EHCI 1.00, driver 10 Dec 2004
Nov 24 22:29:48 debian kernel: [    8.018354] usb usb2: configuration #1 chosen from 1 choice
Nov 24 22:29:48 debian kernel: [    8.018401] hub 2-0:1.0: USB hub found
Nov 24 22:29:48 debian kernel: [    8.019855] hub 2-0:1.0: 8 ports detected
Nov 24 22:29:48 debian kernel: [    8.028321]  hda1 hda2 < hda5 >
Nov 24 22:29:48 debian kernel: [    8.076147] hdc: ATAPI 32X DVD-ROM drive, 128kB Cache
Nov 24 22:29:48 debian kernel: [    8.076147] Uniform CD-ROM driver Revision: 3.20
Nov 24 22:29:48 debian kernel: [    8.121055] usb usb2: New USB device found, idVendor=1d6b, idProduct=0002
Nov 24 22:29:48 debian kernel: [    8.121073] usb usb2: New USB device strings: Mfr=3, Product=2, SerialNumber=1
Nov 24 22:29:48 debian kernel: [    8.121089] usb usb2: Product: EHCI Host Controller
Nov 24 22:29:48 debian kernel: [    8.121101] usb usb2: Manufacturer: Linux 2.6.26-2-686 ehci_hcd
Nov 24 22:29:48 debian kernel: [    8.121114] usb usb2: SerialNumber: 0000:00:0b.0
Nov 24 22:29:48 debian kernel: [    8.867342] PM: Starting manual resume from disk
Nov 24 22:29:48 debian kernel: [    8.980313] kjournald starting.  Commit interval 5 seconds
Nov 24 22:29:48 debian kernel: [    8.980313] EXT3-fs: mounted filesystem with ordered data mode.
Nov 24 22:29:48 debian kernel: [   10.326867] udevd version 125 started
Nov 24 22:29:48 debian kernel: [   11.873659] udev: renamed network interface eth0 to eth1
Nov 24 22:29:48 debian kernel: [   13.860935] input: Power Button (FF) as /class/input/input1
Nov 24 22:29:48 debian kernel: [   13.868043] piix4_smbus 0000:00:07.0: Found 0000:00:07.0 device
Nov 24 22:29:48 debian kernel: [   13.897032] ACPI: Power Button (FF) [PWRF]
Nov 24 22:29:48 debian kernel: [   13.897513] input: Sleep Button (FF) as /class/input/input2
Nov 24 22:29:48 debian kernel: [   13.931117] ACPI: Sleep Button (FF) [SLPF]
Nov 24 22:29:48 debian kernel: [   14.335522] ACPI: AC Adapter [AC] (off-line)
Nov 24 22:29:48 debian kernel: [   14.646648] ACPI: Battery Slot [BAT0] (battery present)
Nov 24 22:29:48 debian kernel: [   14.707529] ACPI: PCI Interrupt Link [LNKA] enabled at IRQ 9
Nov 24 22:29:48 debian kernel: [   14.707565] ACPI: PCI Interrupt 0000:00:05.0[A] -> Link [LNKA] -> GSI 9 (level, low) -> IRQ 9
Nov 24 22:29:48 debian kernel: [   15.060971] intel8x0_measure_ac97_clock: measured 76136 usecs
Nov 24 22:29:48 debian kernel: [   15.060999] intel8x0: measured clock 133511 rejected
Nov 24 22:29:48 debian kernel: [   15.061014] intel8x0: clocking to 48000
Nov 24 22:29:48 debian kernel: [   15.067340] input: PC Speaker as /class/input/input3
Nov 24 22:29:48 debian kernel: [   15.140320] input: ImExPS/2 Generic Explorer Mouse as /class/input/input4
Nov 24 22:29:48 debian kernel: [   15.629003] parport_pc 00:05: reported by Plug and Play ACPI
Nov 24 22:29:48 debian kernel: [   18.286880] Adding 321260k swap on /dev/hda5.  Priority:-1 extents:1 across:321260k
Nov 24 22:29:48 debian kernel: [   18.591548] EXT3 FS on hda1, internal journal
Nov 24 22:29:48 debian kernel: [   20.007863] loop: module loaded
Nov 24 22:29:48 debian kernel: [   22.032317] eth1: link up, 100Mbps, full-duplex
Nov 24 22:29:48 debian rsyslogd: [origin software="rsyslogd" swVersion="3.18.6" x-pid="1680" x-info="http://www.rsyslog.com"] restart
Nov 24 22:29:48 debian kernel: [   25.889666] NET: Registered protocol family 10
Nov 24 22:29:48 debian kernel: [   25.892286] lo: Disabled Privacy Extensions
Nov 24 22:36:08 debian kernel: [  405.109683] Clocksource tsc unstable (delta = 1543290670 ns)
Nov 24 22:49:34 debian shutdown[2164]: shutting down for system halt
Nov 24 23:08:41 debian kernel: imklog 3.18.6, log source = /proc/kmsg started.
Nov 24 23:08:41 debian kernel: [    0.000000] Initializing cgroup subsys cpuset
Nov 24 23:08:41 debian kernel: [    0.000000] Initializing cgroup subsys cpu
Nov 24 23:08:41 debian kernel: [    0.000000] Linux version 2.6.26-2-686 (Debian 2.6.26-19lenny2) (dannf@debian.org) (gcc version 4.1.3 20080704 (prerelease) (Debian 4.1.2-25)) #1 SMP Wed Nov 4 20:45:37 UTC 2009
Nov 24 23:08:41 debian kernel: [    0.000000] BIOS-provided physical RAM map:
Nov 24 23:08:41 debian kernel: [    0.000000]  BIOS-e820: 0000000000000000 - 000000000009fc00 (usable)
Nov 24 23:08:41 debian kernel: [    0.000000]  BIOS-e820: 000000000009fc00 - 00000000000a0000 (reserved)
Nov 24 23:08:41 debian kernel: [    0.000000]  BIOS-e820: 00000000000f0000 - 0000000000100000 (reserved)
Nov 24 23:08:41 debian kernel: [    0.000000]  BIOS-e820: 0000000000100000 - 000000000fff0000 (usable)
Nov 24 23:08:41 debian kernel: [    0.000000]  BIOS-e820: 000000000fff0000 - 0000000010000000 (ACPI data)
Nov 24 23:08:41 debian kernel: [    0.000000]  BIOS-e820: 00000000fffc0000 - 0000000100000000 (reserved)
Nov 24 23:08:41 debian kernel: [    0.000000] WARNING: strange, CPU MTRRs all blank?
Nov 24 23:08:41 debian kernel: [    0.000000] ------------[ cut here ]------------
Nov 24 23:08:41 debian kernel: [    0.000000] WARNING: at arch/x86/kernel/cpu/mtrr/main.c:696 mtrr_trim_uncached_memory+0x178/0x183()
Nov 24 23:08:41 debian kernel: [    0.000000] Modules linked in:
Nov 24 23:08:41 debian kernel: [    0.000000] Pid: 0, comm: swapper Not tainted 2.6.26-2-686 #1
Nov 24 23:08:41 debian kernel: [    0.000000]  [<c01225f3>] warn_on_slowpath+0x40/0x66
Nov 24 23:08:41 debian kernel: [    0.000000]  [<c02b9b2b>] _spin_lock_irqsave+0x16/0x2f
Nov 24 23:08:41 debian kernel: [    0.000000]  [<c02b9bb9>] _spin_unlock_irqrestore+0xd/0x10
Nov 24 23:08:41 debian kernel: [    0.000000]  [<c0122a94>] release_console_sem+0x173/0x18c
Nov 24 23:08:41 debian kernel: [    0.000000]  [<c0122f0b>] vprintk+0x2d2/0x2de
Nov 24 23:08:41 debian kernel: [    0.000000]  [<c010cd84>] mtrr_wrmsr+0xf/0x2e
Nov 24 23:08:41 debian kernel: [    0.000000]  [<c0122f2b>] printk+0x14/0x18
Nov 24 23:08:41 debian kernel: [    0.000000]  [<c03873cb>] mtrr_trim_uncached_memory+0x178/0x183
Nov 24 23:08:41 debian kernel: [    0.000000]  [<c0385060>] setup_arch+0x254/0x6bb
Nov 24 23:08:41 debian kernel: [    0.000000]  [<c0122f2b>] printk+0x14/0x18
Nov 24 23:08:41 debian kernel: [    0.000000]  [<c037f5e4>] start_kernel+0x62/0x2d7
Nov 24 23:08:41 debian kernel: [    0.000000]  =======================
Nov 24 23:08:41 debian kernel: [    0.000000] ---[ end trace 4eaa2a86a8e2da22 ]---
Nov 24 23:08:41 debian kernel: [    0.000000] 0MB HIGHMEM available.
Nov 24 23:08:41 debian kernel: [    0.000000] 255MB LOWMEM available.
Nov 24 23:08:41 debian kernel: [    0.000000] Zone PFN ranges:
Nov 24 23:08:41 debian kernel: [    0.000000]   DMA             0 ->     4096
Nov 24 23:08:41 debian kernel: [    0.000000]   Normal       4096 ->    65520
Nov 24 23:08:41 debian kernel: [    0.000000]   HighMem     65520 ->    65520
Nov 24 23:08:41 debian kernel: [    0.000000] Movable zone start PFN for each node
Nov 24 23:08:41 debian kernel: [    0.000000] early_node_map[1] active PFN ranges
Nov 24 23:08:41 debian kernel: [    0.000000]     0:        0 ->    65520
Nov 24 23:08:41 debian kernel: [    0.000000] DMI 2.5 present.
Nov 24 23:08:41 debian kernel: [    0.000000] ACPI: RSDP 000E0000, 0024 (r2 VBOX  )
Nov 24 23:08:41 debian kernel: [    0.000000] ACPI: XSDT 0FFF0030, 002C (r1 VBOX   VBOXXSDT        1 ASL        61)
Nov 24 23:08:41 debian kernel: [    0.000000] ACPI: FACP 0FFF00E0, 00F4 (r4 VBOX   VBOXFACP        1 ASL        61)
Nov 24 23:08:41 debian kernel: [    0.000000] ACPI: DSDT 0FFF0220, 1A0C (r1 VBOX   VBOXBIOS        2 INTL 20090521)
Nov 24 23:08:41 debian kernel: [    0.000000] ACPI: FACS 0FFF01E0, 0040
Nov 24 23:08:41 debian kernel: [    0.000000] ACPI: PM-Timer IO Port: 0x4008
Nov 24 23:08:41 debian kernel: [    0.000000] Allocating PCI resources starting at 20000000 (gap: 10000000:effc0000)
Nov 24 23:08:41 debian kernel: [    0.000000] PM: Registered nosave memory: 000000000009f000 - 00000000000a0000
Nov 24 23:08:41 debian kernel: [    0.000000] PM: Registered nosave memory: 00000000000a0000 - 00000000000f0000
Nov 24 23:08:41 debian kernel: [    0.000000] PM: Registered nosave memory: 00000000000f0000 - 0000000000100000
Nov 24 23:08:41 debian kernel: [    0.000000] SMP: Allowing 0 CPUs, 0 hotplug CPUs
Nov 24 23:08:41 debian kernel: [    0.000000] PERCPU: Allocating 37992 bytes of per cpu data
Nov 24 23:08:41 debian kernel: [    0.000000] Built 1 zonelists in Zone order, mobility grouping on.  Total pages: 65008
Nov 24 23:08:41 debian kernel: [    0.000000] Kernel command line: root=/dev/hda1 ro quiet
Nov 24 23:08:41 debian kernel: [    0.000000] Found and enabled local APIC!
Nov 24 23:08:41 debian kernel: [    0.000000] Enabling fast FPU save and restore... done.
Nov 24 23:08:41 debian kernel: [    0.000000] Enabling unmasked SIMD FPU exception support... done.
Nov 24 23:08:41 debian kernel: [    0.000000] Initializing CPU#0
Nov 24 23:08:41 debian kernel: [    0.000000] PID hash table entries: 1024 (order: 10, 4096 bytes)
Nov 24 23:08:41 debian kernel: [    0.000000] Detected 2382.843 MHz processor.
Nov 24 23:08:41 debian kernel: [    0.004000] Console: colour VGA+ 80x25
Nov 24 23:08:41 debian kernel: [    0.004000] console [tty0] enabled
Nov 24 23:08:41 debian kernel: [    0.004000] Dentry cache hash table entries: 32768 (order: 5, 131072 bytes)
Nov 24 23:08:41 debian kernel: [    0.004000] Inode-cache hash table entries: 16384 (order: 4, 65536 bytes)
Nov 24 23:08:41 debian kernel: [    0.004000] Memory: 249924k/262080k available (1770k kernel code, 11592k reserved, 750k data, 244k init, 0k highmem)
Nov 24 23:08:41 debian kernel: [    0.004000] virtual kernel memory layout:
Nov 24 23:08:41 debian kernel: [    0.004000]     fixmap  : 0xfff4c000 - 0xfffff000   ( 716 kB)
Nov 24 23:08:41 debian kernel: [    0.004000]     pkmap   : 0xff800000 - 0xffc00000   (4096 kB)
Nov 24 23:08:41 debian kernel: [    0.004000]     vmalloc : 0xd0800000 - 0xff7fe000   ( 751 MB)
Nov 24 23:08:41 debian kernel: [    0.004000]     lowmem  : 0xc0000000 - 0xcfff0000   ( 255 MB)
Nov 24 23:08:41 debian kernel: [    0.004000]       .init : 0xc037f000 - 0xc03bc000   ( 244 kB)
Nov 24 23:08:41 debian kernel: [    0.004000]       .data : 0xc02baaa1 - 0xc0376620   ( 750 kB)
Nov 24 23:08:41 debian kernel: [    0.004000]       .text : 0xc0100000 - 0xc02baaa1   (1770 kB)
Nov 24 23:08:41 debian kernel: [    0.004000] Checking if this processor honours the WP bit even in supervisor mode...Ok.
Nov 24 23:08:41 debian kernel: [    0.084325] Calibrating delay using timer specific routine.. 4848.60 BogoMIPS (lpj=9697214)
Nov 24 23:08:41 debian kernel: [    0.085688] Security Framework initialized
Nov 24 23:08:41 debian kernel: [    0.085749] SELinux:  Disabled at boot.
Nov 24 23:08:41 debian kernel: [    0.085801] Capability LSM initialized
Nov 24 23:08:41 debian kernel: [    0.086276] Mount-cache hash table entries: 512
Nov 24 23:08:41 debian kernel: [    0.095565] Initializing cgroup subsys ns
Nov 24 23:08:41 debian kernel: [    0.095687] Initializing cgroup subsys cpuacct
Nov 24 23:08:41 debian kernel: [    0.095774] Initializing cgroup subsys devices
Nov 24 23:08:41 debian kernel: [    0.096354] 
Nov 24 23:08:41 debian kernel: [    0.096491] Intel machine check architecture supported.
Nov 24 23:08:41 debian kernel: [    0.096637] Intel machine check reporting enabled on CPU#0.
Nov 24 23:08:41 debian kernel: [    0.096685] using mwait in idle threads.
Nov 24 23:08:41 debian kernel: [    0.097129] Checking 'hlt' instruction... OK.
Nov 24 23:08:41 debian kernel: [    0.137772] SMP alternatives: switching to UP code
Nov 24 23:08:41 debian kernel: [    0.583035] Freeing SMP alternatives: 16k freed
Nov 24 23:08:41 debian kernel: [    0.583728] ACPI: Core revision 20080321
Nov 24 23:08:41 debian kernel: [    0.588031] ACPI: setting ELCR to 0200 (from 0e20)
Nov 24 23:08:41 debian kernel: [    0.601614] weird, boot CPU (#0) not listedby the BIOS.
Nov 24 23:08:41 debian kernel: [    0.601664] SMP motherboard not detected.
Nov 24 23:08:41 debian kernel: [    0.604031] SMP disabled
Nov 24 23:08:41 debian kernel: [    0.609930] Brought up 1 CPUs
Nov 24 23:08:41 debian kernel: [    0.609945] Total of 1 processors activated (4848.60 BogoMIPS).
Nov 24 23:08:41 debian kernel: [    0.623874] net_namespace: 660 bytes
Nov 24 23:08:41 debian kernel: [    0.625737] Booting paravirtualized kernel on bare hardware
Nov 24 23:08:41 debian kernel: [    0.627539] NET: Registered protocol family 16
Nov 24 23:08:41 debian kernel: [    0.630386] ACPI: bus type pci registered
Nov 24 23:08:41 debian kernel: [    0.633670] PCI: PCI BIOS revision 2.10 entry at 0xfc080, last bus=0
Nov 24 23:08:41 debian kernel: [    0.633691] PCI: Using configuration type 1 for base access
Nov 24 23:08:41 debian kernel: [    0.633734] Setting up standard PCI resources
Nov 24 23:08:41 debian kernel: [    0.711272] ACPI: Interpreter enabled
Nov 24 23:08:41 debian kernel: [    0.711302] ACPI: (supports S0 S5)
Nov 24 23:08:41 debian kernel: [    0.711328] ACPI: Using PIC for interrupt routing
Nov 24 23:08:41 debian kernel: [    0.794294] ACPI: PCI Root Bridge [PCI0] (0000:00)
Nov 24 23:08:41 debian kernel: [    1.186312] ACPI: PCI Interrupt Link [LNKA] (IRQs 5 *9 10 11)
Nov 24 23:08:41 debian kernel: [    1.187093] ACPI: PCI Interrupt Link [LNKB] (IRQs *5 9 10 11)
Nov 24 23:08:41 debian kernel: [    1.187418] ACPI: PCI Interrupt Link [LNKC] (IRQs 5 9 10 *11)
Nov 24 23:08:41 debian kernel: [    1.187738] ACPI: PCI Interrupt Link [LNKD] (IRQs 5 9 *10 11)
Nov 24 23:08:41 debian kernel: [    1.188813] Linux Plug and Play Support v0.97 (c) Adam Belay
Nov 24 23:08:41 debian kernel: [    1.188813] pnp: PnP ACPI init
Nov 24 23:08:41 debian kernel: [    1.188813] ACPI: bus type pnp registered
Nov 24 23:08:41 debian kernel: [    1.232457] pnp: PnP ACPI: found 6 devices
Nov 24 23:08:41 debian kernel: [    1.232484] ACPI: ACPI bus type pnp unregistered
Nov 24 23:08:41 debian kernel: [    1.232519] PnPBIOS: Disabled by ACPI PNP
Nov 24 23:08:41 debian kernel: [    1.242294] PCI: Using ACPI for IRQ routing
Nov 24 23:08:41 debian kernel: [    1.283895] NET: Registered protocol family 2
Nov 24 23:08:41 debian kernel: [    1.285922] IP route cache hash table entries: 2048 (order: 1, 8192 bytes)
Nov 24 23:08:41 debian kernel: [    1.286209] TCP established hash table entries: 8192 (order: 4, 65536 bytes)
Nov 24 23:08:41 debian kernel: [    1.286267] TCP bind hash table entries: 8192 (order: 4, 65536 bytes)
Nov 24 23:08:41 debian kernel: [    1.286320] TCP: Hash tables configured (established 8192 bind 8192)
Nov 24 23:08:41 debian kernel: [    1.286331] TCP reno registered
Nov 24 23:08:41 debian kernel: [    1.286675] NET: Registered protocol family 1
Nov 24 23:08:41 debian kernel: [    1.289140] checking if image is initramfs... it is
Nov 24 23:08:41 debian kernel: [    1.765827] Freeing initrd memory: 6043k freed
Nov 24 23:08:41 debian kernel: [    1.766558] platform rtc_cmos: registered platform RTC device (no PNP device found)
Nov 24 23:08:41 debian kernel: [    1.770143] audit: initializing netlink socket (disabled)
Nov 24 23:08:41 debian kernel: [    1.770978] type=2000 audit(1259122105.770:1): initialized
Nov 24 23:08:41 debian kernel: [    1.772769] Total HugeTLB memory allocated, 0
